Component: ARM Compiler 5.06 update 1 (build 61) Tool: armlink [4d35a8]

==============================================================================

Section Cross References

    main.o(i.TIMER0_IRQHandler) refers to rt_cmsis.o(i.osSignalSet) for osSignalSet
    main.o(i.TIMER0_IRQHandler) refers to main.o(.data) for t1
    main.o(i.Thread1) refers to _printf_pad.o(.text) for _printf_pre_padding
    main.o(i.Thread1) refers to _printf_percent.o(.ARM.Collect$$_printf_percent$$00000000) for _printf_percent
    main.o(i.Thread1) refers to _printf_d.o(.ARM.Collect$$_printf_percent$$00000009) for _printf_d
    main.o(i.Thread1) refers to _printf_dec.o(.text) for _printf_int_dec
    main.o(i.Thread1) refers to rt_cmsis.o(i.osSignalWait) for osSignalWait
    main.o(i.Thread1) refers to dflt_clz.o(x$fpl$dflt) for __aeabi_i2d
    main.o(i.Thread1) refers to dmul.o(x$fpl$dmul) for __aeabi_dmul
    main.o(i.Thread1) refers to sin.o(i.sin) for sin
    main.o(i.Thread1) refers to dfix.o(x$fpl$dfix) for __aeabi_d2iz
    main.o(i.Thread1) refers to can_cna.o(i.Conversion_DA) for Conversion_DA
    main.o(i.Thread1) refers to rt_cmsis.o(i.osDelay) for osDelay
    main.o(i.Thread1) refers to noretval__2sprintf.o(.text) for __2sprintf
    main.o(i.Thread1) refers to glcd_mcb1700.o(i.GLCD_DrawString) for GLCD_DrawString
    main.o(i.Thread1) refers to main.o(.data) for n
    main.o(i.Thread2) refers to rt_cmsis.o(i.osSignalWait) for osSignalWait
    main.o(i.Thread2) refers to can_cna.o(i.Conversion_DA) for Conversion_DA
    main.o(i.main) refers to rt_cmsis.o(i.osKernelInitialize) for osKernelInitialize
    main.o(i.main) refers to rt_cmsis.o(i.osThreadCreate) for osThreadCreate
    main.o(i.main) refers to glcd_mcb1700.o(i.GLCD_Initialize) for GLCD_Initialize
    main.o(i.main) refers to glcd_mcb1700.o(i.GLCD_ClearScreen) for GLCD_ClearScreen
    main.o(i.main) refers to glcd_mcb1700.o(i.GLCD_SetFont) for GLCD_SetFont
    main.o(i.main) refers to can_cna.o(i.ADC_Init) for ADC_Init
    main.o(i.main) refers to can_cna.o(i.DAC_Init) for DAC_Init
    main.o(i.main) refers to rt_cmsis.o(i.osKernelStart) for osKernelStart
    main.o(i.main) refers to main.o(.constdata) for os_thread_def_Thread1
    main.o(i.main) refers to main.o(.data) for t1
    main.o(i.main) refers to glcd_fonts.o(.constdata) for GLCD_Font_16x24
    main.o(.constdata) refers to main.o(i.Thread1) for Thread1
    main.o(.constdata) refers to main.o(i.Thread2) for Thread2
    adc_mcb1700.o(i.ADC_ConversionDone) refers to adc_mcb1700.o(.data) for AD_done
    adc_mcb1700.o(i.ADC_GetValue) refers to adc_mcb1700.o(.data) for AD_done
    adc_mcb1700.o(i.ADC_IRQHandler) refers to adc_mcb1700.o(.data) for AD_last
    adc_mcb1700.o(i.ADC_Initialize) refers to pin_lpc17xx.o(i.PIN_Configure) for PIN_Configure
    adc_mcb1700.o(i.ADC_Initialize) refers to adc_mcb1700.o(.constdata) for ADC_PIN
    adc_mcb1700.o(i.ADC_Uninitialize) refers to pin_lpc17xx.o(i.PIN_Configure) for PIN_Configure
    adc_mcb1700.o(i.ADC_Uninitialize) refers to adc_mcb1700.o(.constdata) for ADC_PIN
    glcd_mcb1700.o(i.GLCD_ClearScreen) refers to glcd_mcb1700.o(i.GLCD_WindowMax) for GLCD_WindowMax
    glcd_mcb1700.o(i.GLCD_ClearScreen) refers to glcd_mcb1700.o(i.wr_cmd) for wr_cmd
    glcd_mcb1700.o(i.GLCD_ClearScreen) refers to glcd_mcb1700.o(i.wr_dat_start) for wr_dat_start
    glcd_mcb1700.o(i.GLCD_ClearScreen) refers to glcd_mcb1700.o(i.wr_dat_only) for wr_dat_only
    glcd_mcb1700.o(i.GLCD_ClearScreen) refers to glcd_mcb1700.o(i.wr_dat_stop) for wr_dat_stop
    glcd_mcb1700.o(i.GLCD_ClearScreen) refers to glcd_mcb1700.o(.data) for background_color
    glcd_mcb1700.o(i.GLCD_DrawBargraph) refers to glcd_mcb1700.o(i.GLCD_SetWindow) for GLCD_SetWindow
    glcd_mcb1700.o(i.GLCD_DrawBargraph) refers to glcd_mcb1700.o(i.wr_cmd) for wr_cmd
    glcd_mcb1700.o(i.GLCD_DrawBargraph) refers to glcd_mcb1700.o(i.wr_dat_start) for wr_dat_start
    glcd_mcb1700.o(i.GLCD_DrawBargraph) refers to glcd_mcb1700.o(i.wr_dat_only) for wr_dat_only
    glcd_mcb1700.o(i.GLCD_DrawBargraph) refers to glcd_mcb1700.o(i.wr_dat_stop) for wr_dat_stop
    glcd_mcb1700.o(i.GLCD_DrawBargraph) refers to glcd_mcb1700.o(.data) for background_color
    glcd_mcb1700.o(i.GLCD_DrawBitmap) refers to glcd_mcb1700.o(i.GLCD_SetWindow) for GLCD_SetWindow
    glcd_mcb1700.o(i.GLCD_DrawBitmap) refers to glcd_mcb1700.o(i.wr_cmd) for wr_cmd
    glcd_mcb1700.o(i.GLCD_DrawBitmap) refers to glcd_mcb1700.o(i.wr_dat_start) for wr_dat_start
    glcd_mcb1700.o(i.GLCD_DrawBitmap) refers to glcd_mcb1700.o(i.wr_dat_only) for wr_dat_only
    glcd_mcb1700.o(i.GLCD_DrawBitmap) refers to glcd_mcb1700.o(i.wr_dat_stop) for wr_dat_stop
    glcd_mcb1700.o(i.GLCD_DrawChar) refers to glcd_mcb1700.o(i.GLCD_SetWindow) for GLCD_SetWindow
    glcd_mcb1700.o(i.GLCD_DrawChar) refers to glcd_mcb1700.o(i.wr_cmd) for wr_cmd
[...]
    i.osTimerThread                          0x00003294   Section        0  rt_cmsis.o(i.osTimerThread)
    i.os_error                               0x000032c0   Section        0  rtx_conf_cm.o(i.os_error)
    i.os_idle_demon                          0x000032e2   Section        0  rtx_conf_cm.o(i.os_idle_demon)
    i.os_tick_init                           0x000032e8   Section        0  rt_system.o(i.os_tick_init)
    i.os_tick_irqack                         0x00003310   Section        0  rt_system.o(i.os_tick_irqack)
    i.rd_dat                                 0x00003314   Section        0  glcd_mcb1700.o(i.rd_dat)
    rd_dat                                   0x00003315   Thumb Code    64  glcd_mcb1700.o(i.rd_dat)
    i.rd_id_man                              0x00003358   Section        0  glcd_mcb1700.o(i.rd_id_man)
    rd_id_man                                0x00003359   Thumb Code   196  glcd_mcb1700.o(i.rd_id_man)
    i.rd_reg                                 0x00003420   Section        0  glcd_mcb1700.o(i.rd_reg)
    rd_reg                                   0x00003421   Thumb Code    16  glcd_mcb1700.o(i.rd_reg)
    i.rt_alloc_box                           0x00003430   Section        0  rt_membox.o(i.rt_alloc_box)
    i.rt_alloc_mem                           0x0000344a   Section        0  rt_memory.o(i.rt_alloc_mem)
    i.rt_block                               0x00003488   Section        0  rt_task.o(i.rt_block)
    i.rt_chk_robin                           0x000034c0   Section        0  rt_robin.o(i.rt_chk_robin)
    i.rt_dec_dly                             0x00003508   Section        0  rt_list.o(i.rt_dec_dly)
    i.rt_dispatch                            0x00003578   Section        0  rt_task.o(i.rt_dispatch)
    i.rt_dly_wait                            0x000035bc   Section        0  rt_time.o(i.rt_dly_wait)
    i.rt_evt_psh                             0x000035c4   Section        0  rt_event.o(i.rt_evt_psh)
    i.rt_evt_set                             0x00003614   Section        0  rt_event.o(i.rt_evt_set)
    i.rt_evt_wait                            0x00003670   Section        0  rt_event.o(i.rt_evt_wait)
    i.rt_free_box                            0x000036ac   Section        0  rt_membox.o(i.rt_free_box)
    i.rt_free_mem                            0x000036d8   Section        0  rt_memory.o(i.rt_free_mem)
    i.rt_get_first                           0x00003700   Section        0  rt_list.o(i.rt_get_first)
    i.rt_id2obj                              0x00003728   Section        0  rt_cmsis.o(i.rt_id2obj)
    rt_id2obj                                0x00003729   Thumb Code     8  rt_cmsis.o(i.rt_id2obj)
    i.rt_init_context                        0x00003730   Section        0  rt_task.o(i.rt_init_context)
    rt_init_context                          0x00003731   Thumb Code    66  rt_task.o(i.rt_init_context)
    i.rt_init_mem                            0x00003778   Section        0  rt_memory.o(i.rt_init_mem)
    i.rt_init_robin                          0x00003794   Section        0  rt_robin.o(i.rt_init_robin)
    i.rt_init_stack                          0x000037ac   Section        0  hal_cm.o(i.rt_init_stack)
    i.rt_mbx_check                           0x0000382c   Section        0  rt_mailbox.o(i.rt_mbx_check)
    i.rt_mbx_init                            0x00003834   Section        0  rt_mailbox.o(i.rt_mbx_init)
    i.rt_mbx_psh                             0x00003850   Section        0  rt_mailbox.o(i.rt_mbx_psh)
    i.rt_mbx_wait                            0x00003940   Section        0  rt_mailbox.o(i.rt_mbx_wait)
    i.rt_ms2tick                             0x000039f4   Section        0  rt_cmsis.o(i.rt_ms2tick)
    rt_ms2tick                               0x000039f5   Thumb Code    58  rt_cmsis.o(i.rt_ms2tick)
    i.rt_mut_release                         0x00003a38   Section        0  rt_mutex.o(i.rt_mut_release)
    i.rt_mut_wait                            0x00003b10   Section        0  rt_mutex.o(i.rt_mut_wait)
    i.rt_pop_req                             0x00003b88   Section        0  rt_system.o(i.rt_pop_req)
    i.rt_psh_req                             0x00003c04   Section        0  rt_system.o(i.rt_psh_req)
    i.rt_psq_enq                             0x00003c24   Section        0  rt_list.o(i.rt_psq_enq)
    i.rt_put_dly                             0x00003c80   Section        0  rt_list.o(i.rt_put_dly)
    i.rt_put_prio                            0x00003cc8   Section        0  rt_list.o(i.rt_put_prio)
    i.rt_put_rdy_first                       0x00003d00   Section        0  rt_list.o(i.rt_put_rdy_first)
    i.rt_resort_prio                         0x00003d14   Section        0  rt_list.o(i.rt_resort_prio)
    i.rt_ret_val                             0x00003d48   Section        0  hal_cm.o(i.rt_ret_val)
    i.rt_ret_val2                            0x00003d4e   Section        0  hal_cm.o(i.rt_ret_val2)
    i.rt_rmv_dly                             0x00003d56   Section        0  rt_list.o(i.rt_rmv_dly)
    i.rt_rmv_list                            0x00003d80   Section        0  rt_list.o(i.rt_rmv_list)
    i.rt_sem_psh                             0x00003db0   Section        0  rt_semaphore.o(i.rt_sem_psh)
    i.rt_stk_check                           0x00003de4   Section        0  rt_system.o(i.rt_stk_check)
    i.rt_switch_req                          0x00003e08   Section        0  rt_task.o(i.rt_switch_req)
    i.rt_sys_init                            0x00003e30   Section        0  rt_task.o(i.rt_sys_init)
    i.rt_sys_start                           0x00003efc   Section        0  rt_task.o(i.rt_sys_start)
    i.rt_systick                             0x00003f74   Section        0  rt_system.o(i.rt_systick)
    i.rt_tid2ptcb                            0x00003fb4   Section        0  rt_cmsis.o(i.rt_tid2ptcb)
    rt_tid2ptcb                              0x00003fb5   Thumb Code    18  rt_cmsis.o(i.rt_tid2ptcb)
    i.rt_timer_insert                        0x00003fc8   Section        0  rt_cmsis.o(i.rt_timer_insert)
    rt_timer_insert                          0x00003fc9   Thumb Code    48  rt_cmsis.o(i.rt_timer_insert)
    i.rt_tsk_create                          0x00003ffc   Section        0  rt_task.o(i.rt_tsk_create)
    i.rt_tsk_delete                          0x00004084   Section        0  rt_task.o(i.rt_tsk_delete)
    i.rt_tsk_prio                            0x00004200   Section        0  rt_task.o(i.rt_tsk_prio)
    i.rt_tsk_self                            0x0000427c   Section        0  rt_task.o(i.rt_tsk_self)
    i.sin                                    0x0000428c   Section        0  sin.o(i.sin)
    i.spi_tran                               0x0000432c   Section        0  glcd_mcb1700.o(i.spi_tran)
    spi_tran                                 0x0000432d   Thumb Code    40  glcd_mcb1700.o(i.spi_tran)
    i.spi_tran_man                           0x00004358   Section        0  glcd_mcb1700.o(i.spi_tran_man)
    spi_tran_man                             0x00004359   Thumb Code   132  glcd_mcb1700.o(i.spi_tran_man)
    i.svcDelay                               0x000043e0   Section        0  rt_cmsis.o(i.svcDelay)
    i.svcKernelInitialize                    0x000043f4   Section        0  rt_cmsis.o(i.svcKernelInitialize)
    i.svcKernelStart                         0x00004464   Section        0  rt_cmsis.o(i.svcKernelStart)
    i.svcMessageCreate                       0x000044ac   Section        0  rt_cmsis.o(i.svcMessageCreate)
    i.svcMessageGet                          0x000044d0   Section        0  rt_cmsis.o(i.svcMessageGet)
    i.svcSignalSet                           0x0000450a   Section        0  rt_cmsis.o(i.svcSignalSet)
    i.svcSignalWait                          0x00004530   Section        0  rt_cmsis.o(i.svcSignalWait)
    i.svcThreadCreate                        0x00004584   Section        0  rt_cmsis.o(i.svcThreadCreate)
    i.svcThreadGetId                         0x000045f0   Section        0  rt_cmsis.o(i.svcThreadGetId)
    i.svcThreadTerminate                     0x0000460c   Section        0  rt_cmsis.o(i.svcThreadTerminate)
    i.svcTimerCall                           0x00004644   Section        0  rt_cmsis.o(i.svcTimerCall)
    i.sysTimerTick                           0x0000465c   Section        0  rt_cmsis.o(i.sysTimerTick)
    i.wr_cmd                                 0x000046b8   Section        0  glcd_mcb1700.o(i.wr_cmd)
    wr_cmd                                   0x000046b9   Thumb Code    70  glcd_mcb1700.o(i.wr_cmd)
    i.wr_dat_only                            0x00004704   Section        0  glcd_mcb1700.o(i.wr_dat_only)
    wr_dat_only                              0x00004705   Thumb Code    46  glcd_mcb1700.o(i.wr_dat_only)
    i.wr_dat_start                           0x00004738   Section        0  glcd_mcb1700.o(i.wr_dat_start)
    wr_dat_start                             0x00004739   Thumb Code    20  glcd_mcb1700.o(i.wr_dat_start)
    i.wr_dat_stop                            0x00004750   Section        0  glcd_mcb1700.o(i.wr_dat_stop)
    wr_dat_stop                              0x00004751   Thumb Code    14  glcd_mcb1700.o(i.wr_dat_stop)
    i.wr_reg                                 0x00004764   Section        0  glcd_mcb1700.o(i.wr_reg)
    wr_reg                                   0x00004765   Thumb Code   140  glcd_mcb1700.o(i.wr_reg)
    x$fpl$dadd                               0x000047f4   Section      336  daddsub_clz.o(x$fpl$dadd)
    _dadd1                                   0x00004805   Thumb Code     0  daddsub_clz.o(x$fpl$dadd)
    x$fpl$dcheck1                            0x00004944   Section       16  dcheck1.o(x$fpl$dcheck1)
    x$fpl$ddiv                               0x00004954   Section      688  ddiv.o(x$fpl$ddiv)
    ddiv_entry                               0x0000495b   Thumb Code     0  ddiv.o(x$fpl$ddiv)
    x$fpl$dfix                               0x00004c04   Section       94  dfix.o(x$fpl$dfix)
    x$fpl$dflt                               0x00004c62   Section       46  dflt_clz.o(x$fpl$dflt)
    x$fpl$dfltu                              0x00004c90   Section       38  dflt_clz.o(x$fpl$dfltu)
    x$fpl$dmul                               0x00004cb8   Section      340  dmul.o(x$fpl$dmul)
    x$fpl$dnaninf                            0x00004e0c   Section      156  dnaninf.o(x$fpl$dnaninf)
    x$fpl$dretinf                            0x00004ea8   Section       12  dretinf.o(x$fpl$dretinf)
    x$fpl$drsb                               0x00004eb4   Section       22  daddsub_clz.o(x$fpl$drsb)
    x$fpl$dsub                               0x00004ecc   Section      468  daddsub_clz.o(x$fpl$dsub)
    _dsub1                                   0x00004edd   Thumb Code     0  daddsub_clz.o(x$fpl$dsub)
    x$fpl$retnan                             0x000050a0   Section      100  retnan.o(x$fpl$retnan)
    x$fpl$scalbn                             0x00005104   Section       92  scalbn.o(x$fpl$scalbn)
    x$fpl$trapveneer                         0x00005160   Section       48  trapv.o(x$fpl$trapveneer)
    .constdata                               0x00005190   Section       32  main.o(.constdata)
    x$fpl$usenofp                            0x00005190   Section        0  usenofp.o(x$fpl$usenofp)
    .constdata                               0x000051b0   Section     6304  glcd_fonts.o(.constdata)
    Font_6x8_h                               0x000051b0   Data         896  glcd_fonts.o(.constdata)
    Font_16x24_h                             0x00005530   Data        5376  glcd_fonts.o(.constdata)
    .constdata                               0x00006a50   Section      104  rtx_conf_cm.o(.constdata)
    __tagsym$$used                           0x00006a6c   Number         0  rtx_conf_cm.o(.constdata)
    __tagsym$$used                           0x00006a70   Number         0  rtx_conf_cm.o(.constdata)
    __tagsym$$used                           0x00006a74   Number         0  rtx_conf_cm.o(.constdata)
    __tagsym$$used                           0x00006a78   Number         0  rtx_conf_cm.o(.constdata)
    .constdata                               0x00006ab8   Section      124  ssp_lpc17xx.o(.constdata)
    DriverVersion                            0x00006ab8   Data           4  ssp_lpc17xx.o(.constdata)
    DriverCapabilities                       0x00006abc   Data           4  ssp_lpc17xx.o(.constdata)
    SSP1_Resources                           0x00006ac0   Data          72  ssp_lpc17xx.o(.constdata)
    .constdata                               0x00006b34   Section       17  __printf_flags_wp.o(.constdata)
    maptable                                 0x00006b34   Data          17  __printf_flags_wp.o(.constdata)
    .constdata                               0x00006b48   Section       48  cos_i.o(.constdata)
    C                                        0x00006b48   Data          48  cos_i.o(.constdata)
    .constdata                               0x00006b78   Section      200  rred.o(.constdata)
    pio2s                                    0x00006b78   Data          48  rred.o(.constdata)
    twooverpi                                0x00006ba8   Data         152  rred.o(.constdata)
    .constdata                               0x00006c40   Section       40  sin_i.o(.constdata)
    S                                        0x00006c40   Data          40  sin_i.o(.constdata)
    .data                                    0x10000000   Section       12  main.o(.data)
    .data                                    0x1000000c   Section        3  adc_mcb1700.o(.data)
    AD_last                                  0x1000000c   Data           2  adc_mcb1700.o(.data)
    AD_done                                  0x1000000e   Data           1  adc_mcb1700.o(.data)
    .data                                    0x10000010   Section       17  glcd_mcb1700.o(.data)
    spi1_pins                                0x10000010   Data           8  glcd_mcb1700.o(.data)
    foreground_color                         0x10000018   Data           2  glcd_mcb1700.o(.data)
    background_color                         0x1000001a   Data           2  glcd_mcb1700.o(.data)
    active_font                              0x1000001c   Data           4  glcd_mcb1700.o(.data)
    Himax                                    0x10000020   Data           1  glcd_mcb1700.o(.data)
    .data                                    0x10000024   Section       20  rtx_conf_cm.o(.data)
    nr_mutex                                 0x10000034   Data           4  rtx_conf_cm.o(.data)
    .data                                    0x10000038   Section       16  ssp_lpc17xx.o(.data)
    SSP1_pin_sck                             0x10000038   Data           2  ssp_lpc17xx.o(.data)
    SSP1_pin_miso                            0x1000003a   Data           2  ssp_lpc17xx.o(.data)
    SSP1_pin_mosi                            0x1000003c   Data           2  ssp_lpc17xx.o(.data)
    SSP1_pin_ssel                            0x1000003e   Data           2  ssp_lpc17xx.o(.data)
    dummy_data                               0x10000040   Data           4  ssp_lpc17xx.o(.data)
    dummy_data                               0x10000044   Data           4  ssp_lpc17xx.o(.data)
    .data                                    0x10000048   Section        8  gpdma_lpc17xx.o(.data)
    Channel_active                           0x10000048   Data           4  gpdma_lpc17xx.o(.data)
    Init_cnt                                 0x1000004c   Data           4  gpdma_lpc17xx.o(.data)
    .data                                    0x10000050   Section        4  system_lpc17xx.o(.data)
    .data                                    0x10000054   Section        8  rt_cmsis.o(.data)
    .data                                    0x1000005c   Section        8  rt_task.o(.data)
    .data                                    0x10000064   Section        8  rt_system.o(.data)
    os_lock                                  0x10000064   Data           1  rt_system.o(.data)
    os_psh_flag                              0x10000065   Data           1  rt_system.o(.data)
    pend_flags                               0x10000066   Data           1  rt_system.o(.data)
    .data                                    0x1000006c   Section        4  rt_time.o(.data)
    .data                                    0x10000070   Section        8  rt_robin.o(.data)
    .data                                    0x10000078   Section        1  hal_cm.o(.data)
    .bss                                     0x10000080   Section     7216  rtx_conf_cm.o(.bss)
    std_libspace                             0x10001990   Data         672  rtx_conf_cm.o(.bss)
    std_libmutex                             0x10001c30   Data         128  rtx_conf_cm.o(.bss)
    .bss                                     0x10001cb0   Section       40  ssp_lpc17xx.o(.bss)
    SSP1_Info                                0x10001cb0   Data          12  ssp_lpc17xx.o(.bss)
    SSP1_Xfer                                0x10001cbc   Data          28  ssp_lpc17xx.o(.bss)
    .bss                                     0x10001cd8   Section      160  gpdma_lpc17xx.o(.bss)
    Channel_info                             0x10001cd8   Data         160  gpdma_lpc17xx.o(.bss)
    .bss                                     0x10001d78   Section       52  rt_task.o(.bss)
    .bss                                     0x10001dac   Section       48  rt_list.o(.bss)
    .bss                                     0x10001ddc   Section       96  libspace.o(.bss)
    HEAP                                     0x10001e40   Section        0  startup_lpc17xx.o(HEAP)
    STACK                                    0x10001e40   Section      512  startup_lpc17xx.o(STACK)
    Heap_Mem                                 0x10001e40   Data           0  startup_lpc17xx.o(HEAP)
    Stack_Mem                                0x10001e40   Data         512  startup_lpc17xx.o(STACK)
    __initial_sp                             0x10002040   Data           0  startup_lpc17xx.o(STACK)

    Global Symbols

    Symbol Name                              Value     Ov Type        Size  Object(Section)

    BuildAttributes$$THM_ISAv4$P$D$K$B$S$PE$A:L22UL41UL21$X:L11$S22US41US21$IEEE1$IW$USESV6$~STKCKD$USESV7$~SHL$OTIME$ROPI$IEEEX$EBA8$UX$STANDARDLIB$REQ8$PRES8$EABIv2 0x00000000   Number         0  anon$$obj.o ABSOLUTE
    __ARM_use_no_argv                        0x00000000   Number         0  main.o ABSOLUTE
    __Vectors                                0x00000000   Data           4  startup_lpc17xx.o(RESET)
    _printf_flags                            0x00000000   Number         0  printf_stubs.o ABSOLUTE
    _printf_return_value                     0x00000000   Number         0  printf_stubs.o ABSOLUTE
    _printf_sizespec                         0x00000000   Number         0  printf_stubs.o ABSOLUTE
    _printf_widthprec                        0x00000000   Number         0  printf_stubs.o ABSOLUTE
    __ARM_exceptions_init                     - Undefined Weak Reference
    __alloca_initialize                       - Undefined Weak Reference
    __arm_preinit_                            - Undefined Weak Reference
    __cpp_initialize__aeabi_                  - Undefined Weak Reference
    __cxa_finalize                            - Undefined Weak Reference
    __rt_locale                               - Undefined Weak Reference
    __sigvec_lookup                           - Undefined Weak Reference
    _atexit_init                              - Undefined Weak Reference
    _call_atexit_fns                          - Undefined Weak Reference
    _clock_init                               - Undefined Weak Reference
    _fp_trap_init                             - Undefined Weak Reference
    _fp_trap_shutdown                         - Undefined Weak Reference
    _get_lc_collate                           - Undefined Weak Reference
    _get_lc_ctype                             - Undefined Weak Reference
    _get_lc_monetary                          - Undefined Weak Reference
    _get_lc_numeric                           - Undefined Weak Reference
    _get_lc_time                              - Undefined Weak Reference
    _getenv_init                              - Undefined Weak Reference
    _handle_redirection                       - Undefined Weak Reference
    _init_alloc                               - Undefined Weak Reference
    _init_user_alloc                          - Undefined Weak Reference
    _initio                                   - Undefined Weak Reference
    _printf_truncate_signed                   - Undefined Weak Reference
    _printf_truncate_unsigned                 - Undefined Weak Reference
    _rand_init                                - Undefined Weak Reference
    _signal_finish                            - Undefined Weak Reference
    _signal_init                              - Undefined Weak Reference
    _terminate_alloc                          - Undefined Weak Reference
    _terminate_user_alloc                     - Undefined Weak Reference
    _terminateio                              - Undefined Weak Reference
    __main                                   0x000000cd   Thumb Code     8  __main.o(!!!main)
    __scatterload                            0x000000d5   Thumb Code     0  __scatter.o(!!!scatter)
    __scatterload_rt2                        0x000000d5   Thumb Code    44  __scatter.o(!!!scatter)
    __scatterload_rt2_thumb_only             0x000000d5   Thumb Code     0  __scatter.o(!!!scatter)
    __scatterload_null                       0x000000e3   Thumb Code     0  __scatter.o(!!!scatter)
    __scatterload_copy                       0x00000109   Thumb Code    26  __scatter_copy.o(!!handler_copy)
    __scatterload_zeroinit                   0x00000125   Thumb Code    28  __scatter_zi.o(!!handler_zi)
    _printf_d                                0x00000141   Thumb Code     0  _printf_d.o(.ARM.Collect$$_printf_percent$$00000009)
    _printf_percent                          0x00000141   Thumb Code     0  _printf_percent.o(.ARM.Collect$$_printf_percent$$00000000)
    _printf_percent_end                      0x00000147   Thumb Code     0  _printf_percent_end.o(.ARM.Collect$$_printf_percent$$00000017)
    __rt_lib_init                            0x0000014b   Thumb Code     0  libinit.o(.ARM.Collect$$libinit$$00000000)
    __rt_lib_init_alloca_1                   0x0000014d   Thumb Code     0  libinit2.o(.ARM.Collect$$libinit$$0000002E)
    __rt_lib_init_argv_1                     0x0000014d   Thumb Code     0  libinit2.o(.ARM.Collect$$libinit$$0000002C)
    __rt_lib_init_atexit_1                   0x0000014d   Thumb Code     0  libinit2.o(.ARM.Collect$$libinit$$0000001B)
    __rt_lib_init_clock_1                    0x0000014d   Thumb Code     0  libinit2.o(.ARM.Collect$$libinit$$00000021)
    __rt_lib_init_cpp_1                      0x0000014d   Thumb Code     0  libinit2.o(.ARM.Collect$$libinit$$00000032)
    __rt_lib_init_exceptions_1               0x0000014d   Thumb Code     0  libinit2.o(.ARM.Collect$$libinit$$00000030)
    __rt_lib_init_fp_1                       0x0000014d   Thumb Code     0  libinit2.o(.ARM.Collect$$libinit$$00000002)
    __rt_lib_init_fp_trap_1                  0x0000014d   Thumb Code     0  libinit2.o(.ARM.Collect$$libinit$$0000001F)
    __rt_lib_init_getenv_1                   0x0000014d   Thumb Code     0  libinit2.o(.ARM.Collect$$libinit$$00000023)
    __rt_lib_init_heap_1                     0x0000014d   Thumb Code     0  libinit2.o(.ARM.Collect$$libinit$$0000000A)
    __rt_lib_init_lc_collate_1               0x0000014d   Thumb Code     0  libinit2.o(.ARM.Collect$$libinit$$00000011)
    __rt_lib_init_lc_ctype_1                 0x0000014d   Thumb Code     0  libinit2.o(.ARM.Collect$$libinit$$00000013)
    __rt_lib_init_lc_monetary_1              0x0000014d   Thumb Code     0  libinit2.o(.ARM.Collect$$libinit$$00000015)
    __rt_lib_init_lc_numeric_1               0x0000014d   Thumb Code     0  libinit2.o(.ARM.Collect$$libinit$$00000017)
    __rt_lib_init_lc_time_1                  0x0000014d   Thumb Code     0  libinit2.o(.ARM.Collect$$libinit$$00000019)
    __rt_lib_init_preinit_1                  0x0000014d   Thumb Code     0  libinit2.o(.ARM.Collect$$libinit$$00000004)
    __rt_lib_init_rand_1                     0x0000014d   Thumb Code     0  libinit2.o(.ARM.Collect$$libinit$$0000000E)
    __rt_lib_init_return                     0x0000014d   Thumb Code     0  libinit2.o(.ARM.Collect$$libinit$$00000033)
    __rt_lib_init_signal_1                   0x0000014d   Thumb Code     0  libinit2.o(.ARM.Collect$$libinit$$0000001D)
    __rt_lib_init_stdio_1                    0x0000014d   Thumb Code     0  libinit2.o(.ARM.Collect$$libinit$$00000025)
    __rt_lib_init_user_alloc_1               0x0000014d   Thumb Code     0  libinit2.o(.ARM.Collect$$libinit$$0000000C)
    __rt_lib_shutdown                        0x0000014f   Thumb Code     0  libshutdown.o(.ARM.Collect$$libshutdown$$00000000)
    __rt_lib_shutdown_cpp_1                  0x00000151   Thumb Code     0  libshutdown2.o(.ARM.Collect$$libshutdown$$00000002)
    __rt_lib_shutdown_fp_trap_1              0x00000151   Thumb Code     0  libshutdown2.o(.ARM.Collect$$libshutdown$$00000007)
    __rt_lib_shutdown_heap_1                 0x00000151   Thumb Code     0  libshutdown2.o(.ARM.Collect$$libshutdown$$0000000F)
    __rt_lib_shutdown_return                 0x00000151   Thumb Code     0  libshutdown2.o(.ARM.Collect$$libshutdown$$00000010)
    __rt_lib_shutdown_signal_1               0x00000151   Thumb Code     0  libshutdown2.o(.ARM.Collect$$libshutdown$$0000000A)
    __rt_lib_shutdown_stdio_1                0x00000151   Thumb Code     0  libshutdown2.o(.ARM.Collect$$libshutdown$$00000004)
    __rt_lib_shutdown_user_alloc_1           0x00000151   Thumb Code     0  libshutdown2.o(.ARM.Collect$$libshutdown$$0000000C)
    __rt_entry                               0x00000153   Thumb Code     0  __rtentry.o(.ARM.Collect$$rtentry$$00000000)
    __rt_entry_presh_1                       0x00000153   Thumb Code     0  __rtentry2.o(.ARM.Collect$$rtentry$$00000002)
    __rt_entry_sh                            0x00000153   Thumb Code     0  __rtentry4.o(.ARM.Collect$$rtentry$$00000004)
    __rt_entry_li                            0x00000159   Thumb Code     0  __rtentry2.o(.ARM.Collect$$rtentry$$0000000A)
    __rt_entry_postsh_1                      0x00000159   Thumb Code     0  __rtentry2.o(.ARM.Collect$$rtentry$$00000009)
    __rt_entry_postli_1                      0x0000015d   Thumb Code     0  __rtentry2.o(.ARM.Collect$$rtentry$$0000000B)
    __rt_entry_main                          0x00000165   Thumb Code     0  __rtentry2.o(.ARM.Collect$$rtentry$$0000000D)
    __rt_exit                                0x0000016d   Thumb Code     0  rtexit.o(.ARM.Collect$$rtexit$$00000000)
    __rt_exit_ls                             0x0000016f   Thumb Code     0  rtexit2.o(.ARM.Collect$$rtexit$$00000003)
    __rt_exit_prels_1                        0x0000016f   Thumb Code     0  rtexit2.o(.ARM.Collect$$rtexit$$00000002)
    __rt_exit_exit                           0x00000173   Thumb Code     0  rtexit2.o(.ARM.Collect$$rtexit$$00000004)
    _platform_post_lib_init                  0x00000179   Thumb Code    24  rtx_conf_cm.o(.emb_text)
    rt_set_PSP                               0x00000195   Thumb Code     6  hal_cm3.o(.emb_text)
    rt_get_PSP                               0x0000019b   Thumb Code     6  hal_cm3.o(.emb_text)
    os_set_env                               0x000001a1   Thumb Code    24  hal_cm3.o(.emb_text)
    _alloc_box                               0x000001bd   Thumb Code    28  hal_cm3.o(.emb_text)
    _free_box                                0x000001dd   Thumb Code    28  hal_cm3.o(.emb_text)
    SVC_Handler                              0x000001fd   Thumb Code   108  hal_cm3.o(.emb_text)
    PendSV_Handler                           0x00000275   Thumb Code    56  hal_cm3.o(.emb_text)
    SysTick_Handler                          0x000002b1   Thumb Code     8  hal_cm3.o(.emb_text)
    OS_Tick_Handler                          0x000002b9   Thumb Code    12  hal_cm3.o(.emb_text)
    __user_libspace                          0x000002c5   Thumb Code     8  libspace.o(.text)
    __user_perproc_libspace                  0x000002c5   Thumb Code     0  libspace.o(.text)
    __2sprintf                               0x000002cd   Thumb Code    34  noretval__2sprintf.o(.text)
    __use_two_region_memory                  0x000002f5   Thumb Code     2  heapauxi.o(.text)
    __rt_heap_escrow$2region                 0x000002f7   Thumb Code     2  heapauxi.o(.text)
    __rt_heap_expand$2region                 0x000002f9   Thumb Code     2  heapauxi.o(.text)
    __I$use$semihosting                      0x000002fb   Thumb Code     0  use_no_semi.o(.text)
    __use_no_semihosting_swi                 0x000002fb   Thumb Code     2  use_no_semi.o(.text)
    Reset_Handler                            0x00000301   Thumb Code     8  startup_lpc17xx.o(.text)
    NMI_Handler                              0x00000309   Thumb Code     2  startup_lpc17xx.o(.text)
    HardFault_Handler                        0x0000030b   Thumb Code     2  startup_lpc17xx.o(.text)
    MemManage_Handler                        0x0000030d   Thumb Code     2  startup_lpc17xx.o(.text)
    BusFault_Handler                         0x0000030f   Thumb Code     2  startup_lpc17xx.o(.text)
    UsageFault_Handler                       0x00000311   Thumb Code     2  startup_lpc17xx.o(.text)
    DebugMon_Handler                         0x00000315   Thumb Code     2  startup_lpc17xx.o(.text)
    BOD_IRQHandler                           0x0000031b   Thumb Code     0  startup_lpc17xx.o(.text)
    CANActivity_IRQHandler                   0x0000031b   Thumb Code     0  startup_lpc17xx.o(.text)
    CAN_IRQHandler                           0x0000031b   Thumb Code     0  startup_lpc17xx.o(.text)
    EINT0_IRQHandler                         0x0000031b   Thumb Code     0  startup_lpc17xx.o(.text)
    EINT1_IRQHandler                         0x0000031b   Thumb Code     0  startup_lpc17xx.o(.text)
    EINT2_IRQHandler                         0x0000031b   Thumb Code     0  startup_lpc17xx.o(.text)
    EINT3_IRQHandler                         0x0000031b   Thumb Code     0  startup_lpc17xx.o(.text)
    ENET_IRQHandler                          0x0000031b   Thumb Code     0  startup_lpc17xx.o(.text)
    I2C0_IRQHandler                          0x0000031b   Thumb Code     0  startup_lpc17xx.o(.text)
    I2C1_IRQHandler                          0x0000031b   Thumb Code     0  startup_lpc17xx.o(.text)
    I2C2_IRQHandler                          0x0000031b   Thumb Code     0  startup_lpc17xx.o(.text)
    I2S_IRQHandler                           0x0000031b   Thumb Code     0  startup_lpc17xx.o(.text)
    MCPWM_IRQHandler                         0x0000031b   Thumb Code     0  startup_lpc17xx.o(.text)
    PLL0_IRQHandler                          0x0000031b   Thumb Code     0  startup_lpc17xx.o(.text)
    PLL1_IRQHandler                          0x0000031b   Thumb Code     0  startup_lpc17xx.o(.text)
    PWM1_IRQHandler                          0x0000031b   Thumb Code     0  startup_lpc17xx.o(.text)
    QEI_IRQHandler                           0x0000031b   Thumb Code     0  startup_lpc17xx.o(.text)
    RIT_IRQHandler                           0x0000031b   Thumb Code     0  startup_lpc17xx.o(.text)
    RTC_IRQHandler                           0x0000031b   Thumb Code     0  startup_lpc17xx.o(.text)
    SPI_IRQHandler                           0x0000031b   Thumb Code     0  startup_lpc17xx.o(.text)
    SSP0_IRQHandler                          0x0000031b   Thumb Code     0  startup_lpc17xx.o(.text)
    TIMER1_IRQHandler                        0x0000031b   Thumb Code     0  startup_lpc17xx.o(.text)
    TIMER2_IRQHandler                        0x0000031b   Thumb Code     0  startup_lpc17xx.o(.text)
    TIMER3_IRQHandler                        0x0000031b   Thumb Code     0  startup_lpc17xx.o(.text)
    UART0_IRQHandler                         0x0000031b   Thumb Code     0  startup_lpc17xx.o(.text)
    UART1_IRQHandler                         0x0000031b   Thumb Code     0  startup_lpc17xx.o(.text)
    UART2_IRQHandler                         0x0000031b   Thumb Code     0  startup_lpc17xx.o(.text)
    UART3_IRQHandler                         0x0000031b   Thumb Code     0  startup_lpc17xx.o(.text)
    USBActivity_IRQHandler                   0x0000031b   Thumb Code     0  startup_lpc17xx.o(.text)
    USB_IRQHandler                           0x0000031b   Thumb Code     0  startup_lpc17xx.o(.text)
    WDT_IRQHandler                           0x0000031b   Thumb Code     0  startup_lpc17xx.o(.text)
    __user_initial_stackheap                 0x0000031d   Thumb Code     0  startup_lpc17xx.o(.text)
    _printf_pre_padding                      0x0000033d   Thumb Code    44  _printf_pad.o(.text)
    _printf_post_padding                     0x00000369   Thumb Code    34  _printf_pad.o(.text)
    _printf_int_dec                          0x0000038d   Thumb Code   104  _printf_dec.o(.text)
    __printf                                 0x00000405   Thumb Code   308  __printf_flags_wp.o(.text)
    __RL_RTX_VER                             0x00000482   Number         0  rt_system.o ABSOLUTE
    exit                                     0x0000053d   Thumb Code    18  exit.o(.text)
    __aeabi_memclr4                          0x0000054f   Thumb Code     0  rt_memclr_w.o(.text)
    __aeabi_memclr8                          0x0000054f   Thumb Code     0  rt_memclr_w.o(.text)
    __rt_memclr_w                            0x0000054f   Thumb Code    78  rt_memclr_w.o(.text)
    _memset_w                                0x00000553   Thumb Code     0  rt_memclr_w.o(.text)
    __read_errno                             0x0000059d   Thumb Code    10  _rserrno.o(.text)
    __set_errno                              0x000005a7   Thumb Code    12  _rserrno.o(.text)
    _printf_int_common                       0x000005b3   Thumb Code   178  _printf_intcommon.o(.text)
    _printf_char_common                      0x0000066f   Thumb Code    32  _printf_char_common.o(.text)
    _sputc                                   0x00000695   Thumb Code    10  _sputc.o(.text)
    __aeabi_errno_addr                       0x0000069f   Thumb Code     4  rt_errno_addr_twolibspace.o(.text)
    __errno$twolibspace                      0x0000069f   Thumb Code     0  rt_errno_addr_twolibspace.o(.text)
    __rt_errno_addr$twolibspace              0x0000069f   Thumb Code     0  rt_errno_addr_twolibspace.o(.text)
    _sys_exit                                0x000006a5   Thumb Code     8  sys_exit.o(.text)
    __user_setup_stackheap                   0x000006b1   Thumb Code    74  sys_stackheap_outer.o(.text)
    __semihosting_library_function           0x000006fb   Thumb Code     0  indicate_semi.o(.text)
    SVC_Count                                0x000006fc   Data           4  svc_table.o(SVC_TABLE)
    ADC_IRQHandler                           0x00000701   Thumb Code    28  adc_mcb1700.o(i.ADC_IRQHandler)
    SVC_Table                                0x00000700   Data           0  svc_table.o(SVC_TABLE)
    ADC_Init                                 0x00000729   Thumb Code    72  can_cna.o(i.ADC_Init)
    Conversion_DA                            0x000007a1   Thumb Code    20  can_cna.o(i.Conversion_DA)
    DAC_Init                                 0x000007b9   Thumb Code    44  can_cna.o(i.DAC_Init)
    DMA_IRQHandler                           0x000007e9   Thumb Code   372  gpdma_lpc17xx.o(i.DMA_IRQHandler)
    GLCD_ClearScreen                         0x00000969   Thumb Code    44  glcd_mcb1700.o(i.GLCD_ClearScreen)
    GLCD_DrawChar                            0x00000999   Thumb Code   194  glcd_mcb1700.o(i.GLCD_DrawChar)
    GLCD_DrawString                          0x00000a69   Thumb Code    38  glcd_mcb1700.o(i.GLCD_DrawString)
    GLCD_Initialize                          0x00000a95   Thumb Code  1462  glcd_mcb1700.o(i.GLCD_Initialize)
    GLCD_SetFont                             0x0000104d   Thumb Code    10  glcd_mcb1700.o(i.GLCD_SetFont)
    GLCD_SetWindow                           0x0000105d   Thumb Code   168  glcd_mcb1700.o(i.GLCD_SetWindow)
    GLCD_WindowMax                           0x00001109   Thumb Code    18  glcd_mcb1700.o(i.GLCD_WindowMax)
    GPDMA_ChannelConfigure                   0x0000111d   Thumb Code   232  gpdma_lpc17xx.o(i.GPDMA_ChannelConfigure)
    GPDMA_ChannelDisable                     0x00001211   Thumb Code    44  gpdma_lpc17xx.o(i.GPDMA_ChannelDisable)
    GPDMA_ChannelGetCount                    0x00001241   Thumb Code    38  gpdma_lpc17xx.o(i.GPDMA_ChannelGetCount)
    GPDMA_Initialize                         0x00001271   Thumb Code   146  gpdma_lpc17xx.o(i.GPDMA_Initialize)
    GPDMA_PeripheralSelect                   0x00001319   Thumb Code    62  gpdma_lpc17xx.o(i.GPDMA_PeripheralSelect)
    GPDMA_Uninitialize                       0x0000135d   Thumb Code   116  gpdma_lpc17xx.o(i.GPDMA_Uninitialize)
    GPIO_PinRead                             0x000013dd   Thumb Code    28  gpio_lpc17xx.o(i.GPIO_PinRead)
    GPIO_PinWrite                            0x000013fd   Thumb Code    36  gpio_lpc17xx.o(i.GPIO_PinWrite)
    GPIO_PortClock                           0x00001425   Thumb Code    38  gpio_lpc17xx.o(i.GPIO_PortClock)
    GPIO_SetDir                              0x00001451   Thumb Code    52  gpio_lpc17xx.o(i.GPIO_SetDir)
    PIN_Configure                            0x000014cd   Thumb Code   246  pin_lpc17xx.o(i.PIN_Configure)
    SSP1_GPDMA_Rx_SignalEvent                0x000015e1   Thumb Code    14  ssp_lpc17xx.o(i.SSP1_GPDMA_Rx_SignalEvent)
    SSP1_GPDMA_Tx_SignalEvent                0x000015f5   Thumb Code    14  ssp_lpc17xx.o(i.SSP1_GPDMA_Tx_SignalEvent)
    SSP1_IRQHandler                          0x00001629   Thumb Code    10  ssp_lpc17xx.o(i.SSP1_IRQHandler)
    SSPx_GPDMA_Rx_SignalEvent                0x00001bf7   Thumb Code    54  ssp_lpc17xx.o(i.SSPx_GPDMA_Rx_SignalEvent)
    SSPx_GPDMA_Tx_SignalEvent                0x00001c2d   Thumb Code    28  ssp_lpc17xx.o(i.SSPx_GPDMA_Tx_SignalEvent)
    SystemInit                               0x000024dd   Thumb Code   302  system_lpc17xx.o(i.SystemInit)
    TIMER0_IRQHandler                        0x0000261d   Thumb Code    40  main.o(i.TIMER0_IRQHandler)
    Thread1                                  0x0000264d   Thumb Code   284  main.o(i.Thread1)
    Thread2                                  0x00002785   Thumb Code    26  main.o(i.Thread2)
    __ARM_fpclassify                         0x000027a5   Thumb Code    40  fpclassify.o(i.__ARM_fpclassify)
    __ieee754_rem_pio2                       0x00002805   Thumb Code   828  rred.o(i.__ieee754_rem_pio2)
    __kernel_cos                             0x00002b8d   Thumb Code   230  cos_i.o(i.__kernel_cos)
    __kernel_poly                            0x00002c89   Thumb Code   170  poly.o(i.__kernel_poly)
    __kernel_sin                             0x00002d35   Thumb Code   224  sin_i.o(i.__kernel_sin)
    __mathlib_dbl_infnan                     0x00002e21   Thumb Code     6  dunder.o(i.__mathlib_dbl_infnan)
    __mathlib_dbl_invalid                    0x00002e27   Thumb Code    12  dunder.o(i.__mathlib_dbl_invalid)
    __mathlib_dbl_underflow                  0x00002e35   Thumb Code    10  dunder.o(i.__mathlib_dbl_underflow)
    __user_perthread_libspace                0x00002e45   Thumb Code    32  rtx_conf_cm.o(i.__user_perthread_libspace)
    _init_box                                0x00002e71   Thumb Code    70  rt_membox.o(i._init_box)
    _is_digit                                0x00002eb7   Thumb Code    14  __printf_wp.o(i._is_digit)
    _mutex_acquire                           0x00002ec5   Thumb Code    22  rtx_conf_cm.o(i._mutex_acquire)
    _mutex_release                           0x00002ee5   Thumb Code    18  rtx_conf_cm.o(i._mutex_release)
    dbg_init                                 0x00002f01   Thumb Code    34  hal_cm.o(i.dbg_init)
    dbg_task_notify                          0x00002f31   Thumb Code    32  hal_cm.o(i.dbg_task_notify)
    dbg_task_switch                          0x00002f51   Thumb Code    16  hal_cm.o(i.dbg_task_switch)
    isrMessageGet                            0x00002f8d   Thumb Code    42  rt_cmsis.o(i.isrMessageGet)
    isrMessagePut                            0x00002fb7   Thumb Code    44  rt_cmsis.o(i.isrMessagePut)
    isrSignalSet                             0x00002fe3   Thumb Code    36  rt_cmsis.o(i.isrSignalSet)
    isr_evt_set                              0x00003009   Thumb Code    34  rt_event.o(i.isr_evt_set)
    isr_mbx_receive                          0x00003031   Thumb Code    86  rt_mailbox.o(i.isr_mbx_receive)
    isr_mbx_send                             0x00003087   Thumb Code    14  rt_mailbox.o(i.isr_mbx_send)
    main                                     0x00003095   Thumb Code   158  main.o(i.main)
    osDelay                                  0x00003155   Thumb Code    18  rt_cmsis.o(i.osDelay)
    osKernelInitialize                       0x0000316d   Thumb Code    30  rt_cmsis.o(i.osKernelInitialize)
    osKernelStart                            0x00003191   Thumb Code    98  rt_cmsis.o(i.osKernelStart)
    osMessageGet                             0x000031fd   Thumb Code    18  rt_cmsis.o(i.osMessageGet)
    osSignalSet                              0x00003215   Thumb Code    18  rt_cmsis.o(i.osSignalSet)
    osSignalWait                             0x0000322d   Thumb Code    18  rt_cmsis.o(i.osSignalWait)
    osThreadCreate                           0x00003245   Thumb Code    36  rt_cmsis.o(i.osThreadCreate)
    osThreadExit                             0x00003271   Thumb Code    14  rt_cmsis.o(i.osThreadExit)
    osTimerCall                              0x00003289   Thumb Code     8  rt_cmsis.o(i.osTimerCall)
    osTimerThread                            0x00003295   Thumb Code    38  rt_cmsis.o(i.osTimerThread)
    os_error                                 0x000032c1   Thumb Code    34  rtx_conf_cm.o(i.os_error)
    os_idle_demon                            0x000032e3   Thumb Code     4  rtx_conf_cm.o(i.os_idle_demon)
    os_tick_init                             0x000032e9   Thumb Code    32  rt_system.o(i.os_tick_init)
    os_tick_irqack                           0x00003311   Thumb Code     2  rt_system.o(i.os_tick_irqack)
    rt_alloc_box                             0x00003431   Thumb Code    26  rt_membox.o(i.rt_alloc_box)
    rt_alloc_mem                             0x0000344b   Thumb Code    62  rt_memory.o(i.rt_alloc_mem)
    rt_block                                 0x00003489   Thumb Code    48  rt_task.o(i.rt_block)
    rt_chk_robin                             0x000034c1   Thumb Code    60  rt_robin.o(i.rt_chk_robin)
    rt_dec_dly                               0x00003509   Thumb Code   102  rt_list.o(i.rt_dec_dly)
    rt_dispatch                              0x00003579   Thumb Code    60  rt_task.o(i.rt_dispatch)
    rt_dly_wait                              0x000035bd   Thumb Code     6  rt_time.o(i.rt_dly_wait)
    rt_evt_psh                               0x000035c5   Thumb Code    76  rt_event.o(i.rt_evt_psh)
    rt_evt_set                               0x00003615   Thumb Code    88  rt_event.o(i.rt_evt_set)
    rt_evt_wait                              0x00003671   Thumb Code    56  rt_event.o(i.rt_evt_wait)
    rt_free_box                              0x000036ad   Thumb Code    44  rt_membox.o(i.rt_free_box)
    rt_free_mem                              0x000036d9   Thumb Code    40  rt_memory.o(i.rt_free_mem)
    rt_get_first                             0x00003701   Thumb Code    40  rt_list.o(i.rt_get_first)
    rt_init_mem                              0x00003779   Thumb Code    26  rt_memory.o(i.rt_init_mem)
    rt_init_robin                            0x00003795   Thumb Code    14  rt_robin.o(i.rt_init_robin)
    rt_init_stack                            0x000037ad   Thumb Code   118  hal_cm.o(i.rt_init_stack)
    rt_mbx_check                             0x0000382d   Thumb Code     8  rt_mailbox.o(i.rt_mbx_check)
    rt_mbx_init                              0x00003835   Thumb Code    26  rt_mailbox.o(i.rt_mbx_init)
    rt_mbx_psh                               0x00003851   Thumb Code   236  rt_mailbox.o(i.rt_mbx_psh)
    rt_mbx_wait                              0x00003941   Thumb Code   174  rt_mailbox.o(i.rt_mbx_wait)
    rt_mut_release                           0x00003a39   Thumb Code   208  rt_mutex.o(i.rt_mut_release)
    rt_mut_wait                              0x00003b11   Thumb Code   114  rt_mutex.o(i.rt_mut_wait)
    rt_pop_req                               0x00003b89   Thumb Code   112  rt_system.o(i.rt_pop_req)
    rt_psh_req                               0x00003c05   Thumb Code    22  rt_system.o(i.rt_psh_req)
    rt_psq_enq                               0x00003c25   Thumb Code    88  rt_list.o(i.rt_psq_enq)
    rt_put_dly                               0x00003c81   Thumb Code    68  rt_list.o(i.rt_put_dly)
    rt_put_prio                              0x00003cc9   Thumb Code    54  rt_list.o(i.rt_put_prio)
    rt_put_rdy_first                         0x00003d01   Thumb Code    14  rt_list.o(i.rt_put_rdy_first)
    rt_resort_prio                           0x00003d15   Thumb Code    46  rt_list.o(i.rt_resort_prio)
    rt_ret_val                               0x00003d49   Thumb Code     6  hal_cm.o(i.rt_ret_val)
    rt_ret_val2                              0x00003d4f   Thumb Code     8  hal_cm.o(i.rt_ret_val2)
    rt_rmv_dly                               0x00003d57   Thumb Code    40  rt_list.o(i.rt_rmv_dly)
    rt_rmv_list                              0x00003d81   Thumb Code    44  rt_list.o(i.rt_rmv_list)
    rt_sem_psh                               0x00003db1   Thumb Code    48  rt_semaphore.o(i.rt_sem_psh)
    rt_stk_check                             0x00003de5   Thumb Code    28  rt_system.o(i.rt_stk_check)
    rt_switch_req                            0x00003e09   Thumb Code    30  rt_task.o(i.rt_switch_req)
    rt_sys_init                              0x00003e31   Thumb Code   138  rt_task.o(i.rt_sys_init)
    rt_sys_start                             0x00003efd   Thumb Code   110  rt_task.o(i.rt_sys_start)
    rt_systick                               0x00003f75   Thumb Code    50  rt_system.o(i.rt_systick)
    rt_tsk_create                            0x00003ffd   Thumb Code   118  rt_task.o(i.rt_tsk_create)
    rt_tsk_delete                            0x00004085   Thumb Code   352  rt_task.o(i.rt_tsk_delete)
    rt_tsk_prio                              0x00004201   Thumb Code   108  rt_task.o(i.rt_tsk_prio)
    rt_tsk_self                              0x0000427d   Thumb Code    12  rt_task.o(i.rt_tsk_self)
    sin                                      0x0000428d   Thumb Code   150  sin.o(i.sin)
    svcDelay                                 0x000043e1   Thumb Code    18  rt_cmsis.o(i.svcDelay)
    svcKernelInitialize                      0x000043f5   Thumb Code    80  rt_cmsis.o(i.svcKernelInitialize)
    svcKernelStart                           0x00004465   Thumb Code    62  rt_cmsis.o(i.svcKernelStart)
    svcMessageCreate                         0x000044ad   Thumb Code    36  rt_cmsis.o(i.svcMessageCreate)
    svcMessageGet                            0x000044d1   Thumb Code    58  rt_cmsis.o(i.svcMessageGet)
    svcSignalSet                             0x0000450b   Thumb Code    36  rt_cmsis.o(i.svcSignalSet)
    svcSignalWait                            0x00004531   Thumb Code    80  rt_cmsis.o(i.svcSignalWait)
    svcThreadCreate                          0x00004585   Thumb Code    96  rt_cmsis.o(i.svcThreadCreate)
    svcThreadGetId                           0x000045f1   Thumb Code    22  rt_cmsis.o(i.svcThreadGetId)
    svcThreadTerminate                       0x0000460d   Thumb Code    50  rt_cmsis.o(i.svcThreadTerminate)
    svcTimerCall                             0x00004645   Thumb Code    24  rt_cmsis.o(i.svcTimerCall)
    sysTimerTick                             0x0000465d   Thumb Code    84  rt_cmsis.o(i.sysTimerTick)
    __aeabi_dadd                             0x000047f5   Thumb Code     0  daddsub_clz.o(x$fpl$dadd)
    _dadd                                    0x000047f5   Thumb Code   332  daddsub_clz.o(x$fpl$dadd)
    __fpl_dcheck_NaN1                        0x00004945   Thumb Code    10  dcheck1.o(x$fpl$dcheck1)
    __aeabi_ddiv                             0x00004955   Thumb Code     0  ddiv.o(x$fpl$ddiv)
    _ddiv                                    0x00004955   Thumb Code   552  ddiv.o(x$fpl$ddiv)
    __aeabi_d2iz                             0x00004c05   Thumb Code     0  dfix.o(x$fpl$dfix)
    _dfix                                    0x00004c05   Thumb Code    94  dfix.o(x$fpl$dfix)
    __aeabi_i2d                              0x00004c63   Thumb Code     0  dflt_clz.o(x$fpl$dflt)
    _dflt                                    0x00004c63   Thumb Code    46  dflt_clz.o(x$fpl$dflt)
    __aeabi_ui2d                             0x00004c91   Thumb Code     0  dflt_clz.o(x$fpl$dfltu)
    _dfltu                                   0x00004c91   Thumb Code    38  dflt_clz.o(x$fpl$dfltu)
    __aeabi_dmul                             0x00004cb9   Thumb Code     0  dmul.o(x$fpl$dmul)
    _dmul                                    0x00004cb9   Thumb Code   332  dmul.o(x$fpl$dmul)
    __fpl_dnaninf                            0x00004e0d   Thumb Code   156  dnaninf.o(x$fpl$dnaninf)
    __fpl_dretinf                            0x00004ea9   Thumb Code    12  dretinf.o(x$fpl$dretinf)
    __aeabi_drsub                            0x00004eb5   Thumb Code     0  daddsub_clz.o(x$fpl$drsb)
    _drsb                                    0x00004eb5   Thumb Code    22  daddsub_clz.o(x$fpl$drsb)
    __aeabi_dsub                             0x00004ecd   Thumb Code     0  daddsub_clz.o(x$fpl$dsub)
    _dsub                                    0x00004ecd   Thumb Code   464  daddsub_clz.o(x$fpl$dsub)
    __fpl_return_NaN                         0x000050a1   Thumb Code   100  retnan.o(x$fpl$retnan)
    __ARM_scalbn                             0x00005105   Thumb Code    92  scalbn.o(x$fpl$scalbn)
    __fpl_cmpreturn                          0x00005161   Thumb Code    48  trapv.o(x$fpl$trapveneer)
    __I$use$fp                               0x00005190   Number         0  usenofp.o(x$fpl$usenofp)
    os_thread_def_Thread1                    0x00005190   Data          16  main.o(.constdata)
    os_thread_def_Thread2                    0x000051a0   Data          16  main.o(.constdata)
    GLCD_Font_6x8                            0x00006a30   Data          16  glcd_fonts.o(.constdata)
    GLCD_Font_16x24                          0x00006a40   Data          16  glcd_fonts.o(.constdata)
    os_maxtaskrun                            0x00006a50   Data           2  rtx_conf_cm.o(.constdata)
    os_stackinfo                             0x00006a54   Data           4  rtx_conf_cm.o(.constdata)
    os_rrobin                                0x00006a58   Data           4  rtx_conf_cm.o(.constdata)
    os_tickfreq                              0x00006a5c   Data           4  rtx_conf_cm.o(.constdata)
    os_tickus_i                              0x00006a60   Data           2  rtx_conf_cm.o(.constdata)
    os_tickus_f                              0x00006a62   Data           2  rtx_conf_cm.o(.constdata)
    os_trv                                   0x00006a64   Data           4  rtx_conf_cm.o(.constdata)
    os_flags                                 0x00006a68   Data           1  rtx_conf_cm.o(.constdata)
    CMSIS_RTOS_API_Version                   0x00006a6c   Data           4  rtx_conf_cm.o(.constdata)
    CMSIS_RTOS_RTX_Version                   0x00006a70   Data           4  rtx_conf_cm.o(.constdata)
    os_clockrate                             0x00006a74   Data           4  rtx_conf_cm.o(.constdata)
    os_timernum                              0x00006a78   Data           4  rtx_conf_cm.o(.constdata)
    mp_tcb_size                              0x00006a7c   Data           2  rtx_conf_cm.o(.constdata)
    mp_stk_size                              0x00006a80   Data           4  rtx_conf_cm.o(.constdata)
    os_stack_sz                              0x00006a84   Data           4  rtx_conf_cm.o(.constdata)
    os_fifo_size                             0x00006a88   Data           1  rtx_conf_cm.o(.constdata)
    os_thread_def_osTimerThread              0x00006a8c   Data          16  rtx_conf_cm.o(.constdata)
    os_messageQ_def_osTimerMessageQ          0x00006a9c   Data           8  rtx_conf_cm.o(.constdata)
    mp_tmr_size                              0x00006aa4   Data           2  rtx_conf_cm.o(.constdata)
    os_thread_def_main                       0x00006aa8   Data          16  rtx_conf_cm.o(.constdata)
    Driver_SPI1                              0x00006b08   Data          44  ssp_lpc17xx.o(.constdata)
    Region$$Table$$Base                      0x00006c68   Number         0  anon$$obj.o(Region$$Table)
    Region$$Table$$Limit                     0x00006c88   Number         0  anon$$obj.o(Region$$Table)
    t1                                       0x10000000   Data           4  main.o(.data)
    t2                                       0x10000004   Data           4  main.o(.data)
    n                                        0x10000008   Data           4  main.o(.data)
    osThreadId_osTimerThread                 0x10000024   Data           4  rtx_conf_cm.o(.data)
    osMessageQId_osTimerMessageQ             0x10000028   Data           4  rtx_conf_cm.o(.data)
    os_tmr                                   0x1000002c   Data           4  rtx_conf_cm.o(.data)
    m_tmr                                    0x10000030   Data           4  rtx_conf_cm.o(.data)
    SystemCoreClock                          0x10000050   Data           4  system_lpc17xx.o(.data)
    os_initialized                           0x10000054   Data           1  rt_cmsis.o(.data)
    os_running                               0x10000055   Data           1  rt_cmsis.o(.data)
    os_timer_head                            0x10000058   Data           4  rt_cmsis.o(.data)
    os_tsk                                   0x1000005c   Data           8  rt_task.o(.data)
    os_tick_irqn                             0x10000068   Data           4  rt_system.o(.data)
    os_time                                  0x1000006c   Data           4  rt_time.o(.data)
    os_robin                                 0x10000070   Data           8  rt_robin.o(.data)
    dbg_msg                                  0x10000078   Data           1  hal_cm.o(.data)
    mp_tcb                                   0x10000080   Data         376  rtx_conf_cm.o(.bss)
    mp_stk                                   0x100001f8   Data        4816  rtx_conf_cm.o(.bss)
    os_stack_mem                             0x100014c8   Data        1032  rtx_conf_cm.o(.bss)
    os_fifo                                  0x100018d0   Data         132  rtx_conf_cm.o(.bss)
    os_active_TCB                            0x10001954   Data          28  rtx_conf_cm.o(.bss)
    os_messageQ_q_osTimerMessageQ            0x10001970   Data          32  rtx_conf_cm.o(.bss)
    os_idle_TCB                              0x10001d78   Data          52  rt_task.o(.bss)
    os_rdy                                   0x10001dac   Data          24  rt_list.o(.bss)
    os_dly                                   0x10001dc4   Data          24  rt_list.o(.bss)
    __libspace_start                         0x10001ddc   Data          96  libspace.o(.bss)
    __temporary_stack_top$libspace           0x10001e3c   Data           0  libspace.o(.bss)



==============================================================================

Memory Map of the image

  Image Entry point : 0x000000cd

  Load Region LR_IROM1 (Base: 0x00000000, Size: 0x00006d04, Max: 0x00080000, ABSOLUTE)

    Execution Region ER_IROM1 (Base: 0x00000000, Size: 0x00006c88, Max: 0x00080000, ABSOLUTE)

    Base Addr    Size         Type   Attr      Idx    E Section Name        Object

    0x00000000   0x000000cc   Data   RO          870    RESET               startup_lpc17xx.o
    0x000000cc   0x00000008   Code   RO         2167  * !!!main             c_w.l(__main.o)
    0x000000d4   0x00000034   Code   RO         2421    !!!scatter          c_w.l(__scatter.o)
    0x00000108   0x0000001a   Code   RO         2423    !!handler_copy      c_w.l(__scatter_copy.o)
    0x00000122   0x00000002   PAD
    0x00000124   0x0000001c   Code   RO         2425    !!handler_zi        c_w.l(__scatter_zi.o)
    0x00000140   0x00000000   Code   RO         2160    .ARM.Collect$$_printf_percent$$00000000  c_w.l(_printf_percent.o)
    0x00000140   0x00000006   Code   RO         2159    .ARM.Collect$$_printf_percent$$00000009  c_w.l(_printf_d.o)
    0x00000146   0x00000004   Code   RO         2204    .ARM.Collect$$_printf_percent$$00000017  c_w.l(_printf_percent_end.o)
    0x0000014a   0x00000002   Code   RO         2301    .ARM.Collect$$libinit$$00000000  c_w.l(libinit.o)
    0x0000014c   0x00000000   Code   RO         2315    .ARM.Collect$$libinit$$00000002  c_w.l(libinit2.o)
    0x0000014c   0x00000000   Code   RO         2317    .ARM.Collect$$libinit$$00000004  c_w.l(libinit2.o)
    0x0000014c   0x00000000   Code   RO         2320    .ARM.Collect$$libinit$$0000000A  c_w.l(libinit2.o)
    0x0000014c   0x00000000   Code   RO         2322    .ARM.Collect$$libinit$$0000000C  c_w.l(libinit2.o)
    0x0000014c   0x00000000   Code   RO         2324    .ARM.Collect$$libinit$$0000000E  c_w.l(libinit2.o)
    0x0000014c   0x00000000   Code   RO         2327    .ARM.Collect$$libinit$$00000011  c_w.l(libinit2.o)
    0x0000014c   0x00000000   Code   RO         2329    .ARM.Collect$$libinit$$00000013  c_w.l(libinit2.o)
    0x0000014c   0x00000000   Code   RO         2331    .ARM.Collect$$libinit$$00000015  c_w.l(libinit2.o)
    0x0000014c   0x00000000   Code   RO         2333    .ARM.Collect$$libinit$$00000017  c_w.l(libinit2.o)
    0x0000014c   0x00000000   Code   RO         2335    .ARM.Collect$$libinit$$00000019  c_w.l(libinit2.o)
    0x0000014c   0x00000000   Code   RO         2337    .ARM.Collect$$libinit$$0000001B  c_w.l(libinit2.o)
    0x0000014c   0x00000000   Code   RO         2339    .ARM.Collect$$libinit$$0000001D  c_w.l(libinit2.o)
    0x0000014c   0x00000000   Code   RO         2341    .ARM.Collect$$libinit$$0000001F  c_w.l(libinit2.o)
    0x0000014c   0x00000000   Code   RO         2343    .ARM.Collect$$libinit$$00000021  c_w.l(libinit2.o)
    0x0000014c   0x00000000   Code   RO         2345    .ARM.Collect$$libinit$$00000023  c_w.l(libinit2.o)
    0x0000014c   0x00000000   Code   RO         2347    .ARM.Collect$$libinit$$00000025  c_w.l(libinit2.o)
    0x0000014c   0x00000000   Code   RO         2351    .ARM.Collect$$libinit$$0000002C  c_w.l(libinit2.o)
    0x0000014c   0x00000000   Code   RO         2353    .ARM.Collect$$libinit$$0000002E  c_w.l(libinit2.o)
    0x0000014c   0x00000000   Code   RO         2355    .ARM.Collect$$libinit$$00000030  c_w.l(libinit2.o)
    0x0000014c   0x00000000   Code   RO         2357    .ARM.Collect$$libinit$$00000032  c_w.l(libinit2.o)
    0x0000014c   0x00000002   Code   RO         2358    .ARM.Collect$$libinit$$00000033  c_w.l(libinit2.o)
    0x0000014e   0x00000002   Code   RO         2302    .ARM.Collect$$libshutdown$$00000000  c_w.l(libshutdown.o)
    0x00000150   0x00000000   Code   RO         2360    .ARM.Collect$$libshutdown$$00000002  c_w.l(libshutdown2.o)
    0x00000150   0x00000000   Code   RO         2362    .ARM.Collect$$libshutdown$$00000004  c_w.l(libshutdown2.o)
    0x00000150   0x00000000   Code   RO         2365    .ARM.Collect$$libshutdown$$00000007  c_w.l(libshutdown2.o)
    0x00000150   0x00000000   Code   RO         2368    .ARM.Collect$$libshutdown$$0000000A  c_w.l(libshutdown2.o)
    0x00000150   0x00000000   Code   RO         2370    .ARM.Collect$$libshutdown$$0000000C  c_w.l(libshutdown2.o)
    0x00000150   0x00000000   Code   RO         2373    .ARM.Collect$$libshutdown$$0000000F  c_w.l(libshutdown2.o)
    0x00000150   0x00000002   Code   RO         2374    .ARM.Collect$$libshutdown$$00000010  c_w.l(libshutdown2.o)
    0x00000152   0x00000000   Code   RO         2189    .ARM.Collect$$rtentry$$00000000  c_w.l(__rtentry.o)
    0x00000152   0x00000000   Code   RO         2239    .ARM.Collect$$rtentry$$00000002  c_w.l(__rtentry2.o)
    0x00000152   0x00000006   Code   RO         2251    .ARM.Collect$$rtentry$$00000004  c_w.l(__rtentry4.o)
    0x00000158   0x00000000   Code   RO         2241    .ARM.Collect$$rtentry$$00000009  c_w.l(__rtentry2.o)
    0x00000158   0x00000004   Code   RO         2242    .ARM.Collect$$rtentry$$0000000A  c_w.l(__rtentry2.o)
    0x0000015c   0x00000008   Code   RO         2243    .ARM.Collect$$rtentry$$0000000B  c_w.l(__rtentry2.o)
    0x00000164   0x00000008   Code   RO         2245    .ARM.Collect$$rtentry$$0000000D  c_w.l(__rtentry2.o)
    0x0000016c   0x00000002   Code   RO         2190    .ARM.Collect$$rtexit$$00000000  c_w.l(rtexit.o)
    0x0000016e   0x00000000   Code   RO         2254    .ARM.Collect$$rtexit$$00000002  c_w.l(rtexit2.o)
    0x0000016e   0x00000004   Code   RO         2255    .ARM.Collect$$rtexit$$00000003  c_w.l(rtexit2.o)
    0x00000172   0x00000006   Code   RO         2256    .ARM.Collect$$rtexit$$00000004  c_w.l(rtexit2.o)
    0x00000178   0x0000001c   Code   RO          443    .emb_text           rtx_conf_cm.o
    0x00000194   0x00000130   Code   RO         2109    .emb_text           RTX_CM3.lib(hal_cm3.o)
    0x000002c4   0x00000008   Code   RO         2124    .text               c_w.l(libspace.o)
    0x000002cc   0x00000028   Code   RO         2131    .text               c_w.l(noretval__2sprintf.o)
    0x000002f4   0x00000006   Code   RO         2165    .text               c_w.l(heapauxi.o)
    0x000002fa   0x00000002   Code   RO         2305    .text               c_w.l(use_no_semi.o)
    0x000002fc   0x00000004   Code   RO          871    .ARM.__at_0x02FC    startup_lpc17xx.o
    0x00000300   0x0000003c   Code   RO          872    .text               startup_lpc17xx.o
    0x0000033c   0x0000004e   Code   RO         2135    .text               c_w.l(_printf_pad.o)
    0x0000038a   0x00000002   PAD
    0x0000038c   0x00000078   Code   RO         2137    .text               c_w.l(_printf_dec.o)
    0x00000404   0x00000138   Code   RO         2151    .text               c_w.l(__printf_flags_wp.o)
    0x0000053c   0x00000012   Code   RO         2161    .text               c_w.l(exit.o)
    0x0000054e   0x0000004e   Code   RO         2163    .text               c_w.l(rt_memclr_w.o)
    0x0000059c   0x00000016   Code   RO         2196    .text               c_w.l(_rserrno.o)
    0x000005b2   0x000000b2   Code   RO         2198    .text               c_w.l(_printf_intcommon.o)
    0x00000664   0x00000030   Code   RO         2200    .text               c_w.l(_printf_char_common.o)
    0x00000694   0x0000000a   Code   RO         2202    .text               c_w.l(_sputc.o)
    0x0000069e   0x00000004   Code   RO         2267    .text               c_w.l(rt_errno_addr_twolibspace.o)
    0x000006a2   0x00000002   PAD
    0x000006a4   0x0000000c   Code   RO         2287    .text               c_w.l(sys_exit.o)
    0x000006b0   0x0000004a   Code   RO         2289    .text               c_w.l(sys_stackheap_outer.o)
    0x000006fa   0x00000000   Code   RO         2307    .text               c_w.l(indicate_semi.o)
    0x000006fa   0x00000002   PAD
    0x000006fc   0x00000004   Code   RO         2119    SVC_TABLE           RTX_CM3.lib(svc_table.o)
    0x00000700   0x00000028   Code   RO          165    i.ADC_IRQHandler    adc_mcb1700.o
    0x00000728   0x00000058   Code   RO          113    i.ADC_Init          can_cna.o
    0x00000780   0x00000020   Code   RO          691    i.Clear_Channel_active_flag  gpdma_lpc17xx.o
    0x000007a0   0x00000018   Code   RO          115    i.Conversion_DA     can_cna.o
    0x000007b8   0x00000030   Code   RO          116    i.DAC_Init          can_cna.o
    0x000007e8   0x00000180   Code   RO          692    i.DMA_IRQHandler    gpdma_lpc17xx.o
    0x00000968   0x00000030   Code   RO          245    i.GLCD_ClearScreen  glcd_mcb1700.o
    0x00000998   0x000000d0   Code   RO          248    i.GLCD_DrawChar     glcd_mcb1700.o
    0x00000a68   0x0000002c   Code   RO          252    i.GLCD_DrawString   glcd_mcb1700.o
    0x00000a94   0x000005b6   Code   RO          256    i.GLCD_Initialize   glcd_mcb1700.o
    0x0000104a   0x00000002   PAD
    0x0000104c   0x00000010   Code   RO          258    i.GLCD_SetFont      glcd_mcb1700.o
    0x0000105c   0x000000ac   Code   RO          260    i.GLCD_SetWindow    glcd_mcb1700.o
    0x00001108   0x00000012   Code   RO          263    i.GLCD_WindowMax    glcd_mcb1700.o
    0x0000111a   0x00000002   PAD
    0x0000111c   0x000000f4   Code   RO          693    i.GPDMA_ChannelConfigure  gpdma_lpc17xx.o
    0x00001210   0x00000030   Code   RO          694    i.GPDMA_ChannelDisable  gpdma_lpc17xx.o
    0x00001240   0x00000030   Code   RO          696    i.GPDMA_ChannelGetCount  gpdma_lpc17xx.o
    0x00001270   0x000000a8   Code   RO          698    i.GPDMA_Initialize  gpdma_lpc17xx.o
    0x00001318   0x00000044   Code   RO          699    i.GPDMA_PeripheralSelect  gpdma_lpc17xx.o
    0x0000135c   0x00000080   Code   RO          700    i.GPDMA_Uninitialize  gpdma_lpc17xx.o
    0x000013dc   0x00000020   Code   RO          781    i.GPIO_PinRead      gpio_lpc17xx.o
    0x000013fc   0x00000028   Code   RO          782    i.GPIO_PinWrite     gpio_lpc17xx.o
    0x00001424   0x0000002c   Code   RO          783    i.GPIO_PortClock    gpio_lpc17xx.o
    0x00001450   0x00000038   Code   RO          786    i.GPIO_SetDir       gpio_lpc17xx.o
    0x00001488   0x00000044   Code   RO          504    i.GetSSPClockFreq   ssp_lpc17xx.o
    0x000014cc   0x000000fc   Code   RO          835    i.PIN_Configure     pin_lpc17xx.o
    0x000015c8   0x00000018   Code   RO          505    i.SSP1_Control      ssp_lpc17xx.o
    0x000015e0   0x00000014   Code   RO          506    i.SSP1_GPDMA_Rx_SignalEvent  ssp_lpc17xx.o
    0x000015f4   0x00000014   Code   RO          507    i.SSP1_GPDMA_Tx_SignalEvent  ssp_lpc17xx.o
    0x00001608   0x00000010   Code   RO          508    i.SSP1_GetDataCount  ssp_lpc17xx.o
    0x00001618   0x00000010   Code   RO          509    i.SSP1_GetStatus    ssp_lpc17xx.o
    0x00001628   0x00000010   Code   RO          510    i.SSP1_IRQHandler   ssp_lpc17xx.o
    0x00001638   0x00000014   Code   RO          511    i.SSP1_Initialize   ssp_lpc17xx.o
    0x0000164c   0x00000014   Code   RO          512    i.SSP1_PowerControl  ssp_lpc17xx.o
    0x00001660   0x00000018   Code   RO          513    i.SSP1_Receive      ssp_lpc17xx.o
    0x00001678   0x00000018   Code   RO          514    i.SSP1_Send         ssp_lpc17xx.o
    0x00001690   0x0000001c   Code   RO          515    i.SSP1_Transfer     ssp_lpc17xx.o
    0x000016ac   0x00000010   Code   RO          516    i.SSP1_Uninitialize  ssp_lpc17xx.o
    0x000016bc   0x0000000c   Code   RO          517    i.SSP_GetCapabilities  ssp_lpc17xx.o
    0x000016c8   0x00000010   Code   RO          518    i.SSP_GetVersion    ssp_lpc17xx.o
    0x000016d8   0x0000051e   Code   RO          519    i.SSPx_Control      ssp_lpc17xx.o
    0x00001bf6   0x00000036   Code   RO          520    i.SSPx_GPDMA_Rx_SignalEvent  ssp_lpc17xx.o
    0x00001c2c   0x0000001c   Code   RO          521    i.SSPx_GPDMA_Tx_SignalEvent  ssp_lpc17xx.o
    0x00001c48   0x0000002c   Code   RO          522    i.SSPx_GetDataCount  ssp_lpc17xx.o
    0x00001c74   0x0000005a   Code   RO          523    i.SSPx_GetStatus    ssp_lpc17xx.o
    0x00001cce   0x00000104   Code   RO          524    i.SSPx_IRQHandler   ssp_lpc17xx.o
    0x00001dd2   0x000000a8   Code   RO          525    i.SSPx_Initialize   ssp_lpc17xx.o
    0x00001e7a   0x00000002   PAD
    0x00001e7c   0x000001b4   Code   RO          526    i.SSPx_PowerControl  ssp_lpc17xx.o
    0x00002030   0x0000015c   Code   RO          527    i.SSPx_Receive      ssp_lpc17xx.o
    0x0000218c   0x00000154   Code   RO          528    i.SSPx_Send         ssp_lpc17xx.o
    0x000022e0   0x00000152   Code   RO          529    i.SSPx_Transfer     ssp_lpc17xx.o
    0x00002432   0x00000070   Code   RO          530    i.SSPx_Uninitialize  ssp_lpc17xx.o
    0x000024a2   0x00000002   PAD
    0x000024a4   0x00000038   Code   RO          701    i.Set_Channel_active_flag  gpdma_lpc17xx.o
    0x000024dc   0x00000140   Code   RO          882    i.SystemInit        system_lpc17xx.o
    0x0000261c   0x00000030   Code   RO            4    i.TIMER0_IRQHandler  main.o
    0x0000264c   0x00000138   Code   RO            5    i.Thread1           main.o
    0x00002784   0x00000020   Code   RO            6    i.Thread2           main.o
    0x000027a4   0x00000028   Code   RO         2283    i.__ARM_fpclassify  m_ws.l(fpclassify.o)
    0x000027cc   0x0000001c   Code   RO          531    i.__NVIC_ClearPendingIRQ  ssp_lpc17xx.o
    0x000027e8   0x0000001c   Code   RO          702    i.__NVIC_ClearPendingIRQ  gpdma_lpc17xx.o
    0x00002804   0x00000388   Code   RO         2227    i.__ieee754_rem_pio2  m_ws.l(rred.o)
    0x00002b8c   0x000000fc   Code   RO         2210    i.__kernel_cos      m_ws.l(cos_i.o)
    0x00002c88   0x000000aa   Code   RO         2285    i.__kernel_poly     m_ws.l(poly.o)
    0x00002d32   0x00000002   PAD
    0x00002d34   0x000000ec   Code   RO         2232    i.__kernel_sin      m_ws.l(sin_i.o)
    0x00002e20   0x00000006   Code   RO         2214    i.__mathlib_dbl_infnan  m_ws.l(dunder.o)
    0x00002e26   0x0000000c   Code   RO         2216    i.__mathlib_dbl_invalid  m_ws.l(dunder.o)
    0x00002e32   0x00000002   PAD
    0x00002e34   0x00000010   Code   RO         2219    i.__mathlib_dbl_underflow  m_ws.l(dunder.o)
    0x00002e44   0x0000002c   Code   RO          444    i.__user_perthread_libspace  rtx_conf_cm.o
    0x00002e70   0x00000046   Code   RO         2008    i._init_box         RTX_CM3.lib(rt_membox.o)
    0x00002eb6   0x0000000e   Code   RO         2149    i._is_digit         c_w.l(__printf_wp.o)
    0x00002ec4   0x00000020   Code   RO          445    i._mutex_acquire    rtx_conf_cm.o
    0x00002ee4   0x0000001c   Code   RO          447    i._mutex_release    rtx_conf_cm.o
    0x00002f00   0x00000030   Code   RO         2061    i.dbg_init          RTX_CM3.lib(hal_cm.o)
    0x00002f30   0x00000020   Code   RO         2062    i.dbg_task_notify   RTX_CM3.lib(hal_cm.o)
    0x00002f50   0x00000010   Code   RO         2063    i.dbg_task_switch   RTX_CM3.lib(hal_cm.o)
    0x00002f60   0x0000002c   Code   RO          264    i.delay_ms          glcd_mcb1700.o
    0x00002f8c   0x0000002a   Code   RO          917    i.isrMessageGet     RTX_CM3.lib(rt_cmsis.o)
    0x00002fb6   0x0000002c   Code   RO          918    i.isrMessagePut     RTX_CM3.lib(rt_cmsis.o)
    0x00002fe2   0x00000024   Code   RO          920    i.isrSignalSet      RTX_CM3.lib(rt_cmsis.o)
    0x00003006   0x00000002   PAD
    0x00003008   0x00000028   Code   RO         1745    i.isr_evt_set       RTX_CM3.lib(rt_event.o)
    0x00003030   0x00000056   Code   RO         1863    i.isr_mbx_receive   RTX_CM3.lib(rt_mailbox.o)
    0x00003086   0x0000000e   Code   RO         1864    i.isr_mbx_send      RTX_CM3.lib(rt_mailbox.o)
    0x00003094   0x000000c0   Code   RO            7    i.main              main.o
    0x00003154   0x00000018   Code   RO          921    i.osDelay           RTX_CM3.lib(rt_cmsis.o)
    0x0000316c   0x00000024   Code   RO          922    i.osKernelInitialize  RTX_CM3.lib(rt_cmsis.o)
    0x00003190   0x0000006c   Code   RO          924    i.osKernelStart     RTX_CM3.lib(rt_cmsis.o)
    0x000031fc   0x00000018   Code   RO          933    i.osMessageGet      RTX_CM3.lib(rt_cmsis.o)
    0x00003214   0x00000018   Code   RO          948    i.osSignalSet       RTX_CM3.lib(rt_cmsis.o)
    0x0000322c   0x00000018   Code   RO          949    i.osSignalWait      RTX_CM3.lib(rt_cmsis.o)
    0x00003244   0x0000002c   Code   RO          950    i.osThreadCreate    RTX_CM3.lib(rt_cmsis.o)
    0x00003270   0x00000018   Code   RO          951    i.osThreadExit      RTX_CM3.lib(rt_cmsis.o)
    0x00003288   0x0000000c   Code   RO          957    i.osTimerCall       RTX_CM3.lib(rt_cmsis.o)
    0x00003294   0x0000002c   Code   RO          962    i.osTimerThread     RTX_CM3.lib(rt_cmsis.o)
    0x000032c0   0x00000022   Code   RO          448    i.os_error          rtx_conf_cm.o
    0x000032e2   0x00000004   Code   RO          449    i.os_idle_demon     rtx_conf_cm.o
    0x000032e6   0x00000002   PAD
    0x000032e8   0x00000028   Code   RO         1655    i.os_tick_init      RTX_CM3.lib(rt_system.o)
    0x00003310   0x00000002   Code   RO         1656    i.os_tick_irqack    RTX_CM3.lib(rt_system.o)
    0x00003312   0x00000002   PAD
    0x00003314   0x00000044   Code   RO          265    i.rd_dat            glcd_mcb1700.o
    0x00003358   0x000000c8   Code   RO          266    i.rd_id_man         glcd_mcb1700.o
    0x00003420   0x00000010   Code   RO          267    i.rd_reg            glcd_mcb1700.o
    0x00003430   0x0000001a   Code   RO         2009    i.rt_alloc_box      RTX_CM3.lib(rt_membox.o)
    0x0000344a   0x0000003e   Code   RO         2037    i.rt_alloc_mem      RTX_CM3.lib(rt_memory.o)
    0x00003488   0x00000038   Code   RO         1536    i.rt_block          RTX_CM3.lib(rt_task.o)
    0x000034c0   0x00000048   Code   RO         1986    i.rt_chk_robin      RTX_CM3.lib(rt_robin.o)
    0x00003508   0x00000070   Code   RO         1787    i.rt_dec_dly        RTX_CM3.lib(rt_list.o)
    0x00003578   0x00000044   Code   RO         1537    i.rt_dispatch       RTX_CM3.lib(rt_task.o)
    0x000035bc   0x00000006   Code   RO         1953    i.rt_dly_wait       RTX_CM3.lib(rt_time.o)
    0x000035c2   0x00000002   PAD
    0x000035c4   0x00000050   Code   RO         1748    i.rt_evt_psh        RTX_CM3.lib(rt_event.o)
    0x00003614   0x0000005c   Code   RO         1749    i.rt_evt_set        RTX_CM3.lib(rt_event.o)
    0x00003670   0x0000003c   Code   RO         1750    i.rt_evt_wait       RTX_CM3.lib(rt_event.o)
    0x000036ac   0x0000002c   Code   RO         2010    i.rt_free_box       RTX_CM3.lib(rt_membox.o)
    0x000036d8   0x00000028   Code   RO         2038    i.rt_free_mem       RTX_CM3.lib(rt_memory.o)
    0x00003700   0x00000028   Code   RO         1788    i.rt_get_first      RTX_CM3.lib(rt_list.o)
    0x00003728   0x00000008   Code   RO          967    i.rt_id2obj         RTX_CM3.lib(rt_cmsis.o)
    0x00003730   0x00000048   Code   RO         1538    i.rt_init_context   RTX_CM3.lib(rt_task.o)
    0x00003778   0x0000001a   Code   RO         2039    i.rt_init_mem       RTX_CM3.lib(rt_memory.o)
    0x00003792   0x00000002   PAD
    0x00003794   0x00000018   Code   RO         1987    i.rt_init_robin     RTX_CM3.lib(rt_robin.o)
    0x000037ac   0x00000080   Code   RO         2064    i.rt_init_stack     RTX_CM3.lib(hal_cm.o)
    0x0000382c   0x00000008   Code   RO         1865    i.rt_mbx_check      RTX_CM3.lib(rt_mailbox.o)
    0x00003834   0x0000001a   Code   RO         1866    i.rt_mbx_init       RTX_CM3.lib(rt_mailbox.o)
    0x0000384e   0x00000002   PAD
    0x00003850   0x000000f0   Code   RO         1867    i.rt_mbx_psh        RTX_CM3.lib(rt_mailbox.o)
    0x00003940   0x000000b4   Code   RO         1869    i.rt_mbx_wait       RTX_CM3.lib(rt_mailbox.o)
    0x000039f4   0x00000044   Code   RO          968    i.rt_ms2tick        RTX_CM3.lib(rt_cmsis.o)
    0x00003a38   0x000000d8   Code   RO         1622    i.rt_mut_release    RTX_CM3.lib(rt_mutex.o)
    0x00003b10   0x00000078   Code   RO         1623    i.rt_mut_wait       RTX_CM3.lib(rt_mutex.o)
    0x00003b88   0x0000007c   Code   RO         1659    i.rt_pop_req        RTX_CM3.lib(rt_system.o)
    0x00003c04   0x00000020   Code   RO         1660    i.rt_psh_req        RTX_CM3.lib(rt_system.o)
    0x00003c24   0x0000005c   Code   RO         1790    i.rt_psq_enq        RTX_CM3.lib(rt_list.o)
    0x00003c80   0x00000048   Code   RO         1791    i.rt_put_dly        RTX_CM3.lib(rt_list.o)
    0x00003cc8   0x00000036   Code   RO         1792    i.rt_put_prio       RTX_CM3.lib(rt_list.o)
    0x00003cfe   0x00000002   PAD
    0x00003d00   0x00000014   Code   RO         1793    i.rt_put_rdy_first  RTX_CM3.lib(rt_list.o)
    0x00003d14   0x00000034   Code   RO         1794    i.rt_resort_prio    RTX_CM3.lib(rt_list.o)
    0x00003d48   0x00000006   Code   RO         2065    i.rt_ret_val        RTX_CM3.lib(hal_cm.o)
    0x00003d4e   0x00000008   Code   RO         2066    i.rt_ret_val2       RTX_CM3.lib(hal_cm.o)
    0x00003d56   0x00000028   Code   RO         1795    i.rt_rmv_dly        RTX_CM3.lib(rt_list.o)
    0x00003d7e   0x00000002   PAD
    0x00003d80   0x00000030   Code   RO         1796    i.rt_rmv_list       RTX_CM3.lib(rt_list.o)
    0x00003db0   0x00000034   Code   RO         1914    i.rt_sem_psh        RTX_CM3.lib(rt_semaphore.o)
    0x00003de4   0x00000024   Code   RO         1662    i.rt_stk_check      RTX_CM3.lib(rt_system.o)
    0x00003e08   0x00000028   Code   RO         1539    i.rt_switch_req     RTX_CM3.lib(rt_task.o)
    0x00003e30   0x000000cc   Code   RO         1540    i.rt_sys_init       RTX_CM3.lib(rt_task.o)
    0x00003efc   0x00000078   Code   RO         1541    i.rt_sys_start      RTX_CM3.lib(rt_task.o)
    0x00003f74   0x00000040   Code   RO         1664    i.rt_systick        RTX_CM3.lib(rt_system.o)
    0x00003fb4   0x00000012   Code   RO          969    i.rt_tid2ptcb       RTX_CM3.lib(rt_cmsis.o)
    0x00003fc6   0x00000002   PAD
    0x00003fc8   0x00000034   Code   RO          970    i.rt_timer_insert   RTX_CM3.lib(rt_cmsis.o)
    0x00003ffc   0x00000088   Code   RO         1542    i.rt_tsk_create     RTX_CM3.lib(rt_task.o)
    0x00004084   0x0000017c   Code   RO         1543    i.rt_tsk_delete     RTX_CM3.lib(rt_task.o)
    0x00004200   0x0000007c   Code   RO         1545    i.rt_tsk_prio       RTX_CM3.lib(rt_task.o)
    0x0000427c   0x00000010   Code   RO         1546    i.rt_tsk_self       RTX_CM3.lib(rt_task.o)
    0x0000428c   0x000000a0   Code   RO         2182    i.sin               m_ws.l(sin.o)
    0x0000432c   0x0000002c   Code   RO          268    i.spi_tran          glcd_mcb1700.o
    0x00004358   0x00000088   Code   RO          269    i.spi_tran_man      glcd_mcb1700.o
    0x000043e0   0x00000012   Code   RO          972    i.svcDelay          RTX_CM3.lib(rt_cmsis.o)
    0x000043f2   0x00000002   PAD
    0x000043f4   0x00000070   Code   RO          973    i.svcKernelInitialize  RTX_CM3.lib(rt_cmsis.o)
    0x00004464   0x00000048   Code   RO          975    i.svcKernelStart    RTX_CM3.lib(rt_cmsis.o)
    0x000044ac   0x00000024   Code   RO          978    i.svcMessageCreate  RTX_CM3.lib(rt_cmsis.o)
    0x000044d0   0x0000003a   Code   RO          979    i.svcMessageGet     RTX_CM3.lib(rt_cmsis.o)
    0x0000450a   0x00000024   Code   RO          991    i.svcSignalSet      RTX_CM3.lib(rt_cmsis.o)
    0x0000452e   0x00000002   PAD
    0x00004530   0x00000054   Code   RO          992    i.svcSignalWait     RTX_CM3.lib(rt_cmsis.o)
    0x00004584   0x0000006c   Code   RO          993    i.svcThreadCreate   RTX_CM3.lib(rt_cmsis.o)
    0x000045f0   0x0000001c   Code   RO          994    i.svcThreadGetId    RTX_CM3.lib(rt_cmsis.o)
    0x0000460c   0x00000038   Code   RO          997    i.svcThreadTerminate  RTX_CM3.lib(rt_cmsis.o)
    0x00004644   0x00000018   Code   RO          999    i.svcTimerCall      RTX_CM3.lib(rt_cmsis.o)
    0x0000465c   0x0000005c   Code   RO         1008    i.sysTimerTick      RTX_CM3.lib(rt_cmsis.o)
    0x000046b8   0x0000004c   Code   RO          270    i.wr_cmd            glcd_mcb1700.o
    0x00004704   0x00000034   Code   RO          272    i.wr_dat_only       glcd_mcb1700.o
    0x00004738   0x00000018   Code   RO          273    i.wr_dat_start      glcd_mcb1700.o
    0x00004750   0x00000014   Code   RO          274    i.wr_dat_stop       glcd_mcb1700.o
    0x00004764   0x00000090   Code   RO          275    i.wr_reg            glcd_mcb1700.o
    0x000047f4   0x00000150   Code   RO         2271    x$fpl$dadd          fz_ws.l(daddsub_clz.o)
    0x00004944   0x00000010   Code   RO         2303    x$fpl$dcheck1       fz_ws.l(dcheck1.o)
    0x00004954   0x000002b0   Code   RO         2278    x$fpl$ddiv          fz_ws.l(ddiv.o)
    0x00004c04   0x0000005e   Code   RO         2169    x$fpl$dfix          fz_ws.l(dfix.o)
    0x00004c62   0x0000002e   Code   RO         2174    x$fpl$dflt          fz_ws.l(dflt_clz.o)
    0x00004c90   0x00000026   Code   RO         2173    x$fpl$dfltu         fz_ws.l(dflt_clz.o)
    0x00004cb6   0x00000002   PAD
    0x00004cb8   0x00000154   Code   RO         2179    x$fpl$dmul          fz_ws.l(dmul.o)
    0x00004e0c   0x0000009c   Code   RO         2205    x$fpl$dnaninf       fz_ws.l(dnaninf.o)
    0x00004ea8   0x0000000c   Code   RO         2207    x$fpl$dretinf       fz_ws.l(dretinf.o)
    0x00004eb4   0x00000016   Code   RO         2272    x$fpl$drsb          fz_ws.l(daddsub_clz.o)
    0x00004eca   0x00000002   PAD
    0x00004ecc   0x000001d4   Code   RO         2273    x$fpl$dsub          fz_ws.l(daddsub_clz.o)
    0x000050a0   0x00000064   Code   RO         2375    x$fpl$retnan        fz_ws.l(retnan.o)
    0x00005104   0x0000005c   Code   RO         2281    x$fpl$scalbn        fz_ws.l(scalbn.o)
    0x00005160   0x00000030   Code   RO         2385    x$fpl$trapveneer    fz_ws.l(trapv.o)
    0x00005190   0x00000000   Code   RO         2209    x$fpl$usenofp       fz_ws.l(usenofp.o)
    0x00005190   0x00000020   Data   RO            8    .constdata          main.o
    0x000051b0   0x000018a0   Data   RO          233    .constdata          glcd_fonts.o
    0x00006a50   0x00000068   Data   RO          451    .constdata          rtx_conf_cm.o
    0x00006ab8   0x0000007c   Data   RO          533    .constdata          ssp_lpc17xx.o
    0x00006b34   0x00000011   Data   RO         2152    .constdata          c_w.l(__printf_flags_wp.o)
    0x00006b45   0x00000003   PAD
    0x00006b48   0x00000030   Data   RO         2211    .constdata          m_ws.l(cos_i.o)
    0x00006b78   0x000000c8   Data   RO         2229    .constdata          m_ws.l(rred.o)
    0x00006c40   0x00000028   Data   RO         2233    .constdata          m_ws.l(sin_i.o)
    0x00006c68   0x00000020   Data   RO         2419    Region$$Table       anon$$obj.o


    Execution Region RW_IRAM1 (Base: 0x10000000, Size: 0x00002040, Max: 0x00008000, ABSOLUTE)

    Base Addr    Size         Type   Attr      Idx    E Section Name        Object

    0x10000000   0x0000000c   Data   RW            9    .data               main.o
    0x1000000c   0x00000003   Data   RW          170    .data               adc_mcb1700.o
    0x1000000f   0x00000001   PAD
    0x10000010   0x00000011   Data   RW          276    .data               glcd_mcb1700.o
    0x10000021   0x00000003   PAD
    0x10000024   0x00000014   Data   RW          452    .data               rtx_conf_cm.o
    0x10000038   0x00000010   Data   RW          534    .data               ssp_lpc17xx.o
    0x10000048   0x00000008   Data   RW          704    .data               gpdma_lpc17xx.o
    0x10000050   0x00000004   Data   RW          883    .data               system_lpc17xx.o
    0x10000054   0x00000008   Data   RW         1011    .data               RTX_CM3.lib(rt_cmsis.o)
    0x1000005c   0x00000008   Data   RW         1548    .data               RTX_CM3.lib(rt_task.o)
    0x10000064   0x00000008   Data   RW         1667    .data               RTX_CM3.lib(rt_system.o)
    0x1000006c   0x00000004   Data   RW         1957    .data               RTX_CM3.lib(rt_time.o)
    0x10000070   0x00000008   Data   RW         1988    .data               RTX_CM3.lib(rt_robin.o)
    0x10000078   0x00000001   Data   RW         2067    .data               RTX_CM3.lib(hal_cm.o)
    0x10000079   0x00000007   PAD
    0x10000080   0x00001c30   Zero   RW          450    .bss                rtx_conf_cm.o
    0x10001cb0   0x00000028   Zero   RW          532    .bss                ssp_lpc17xx.o
    0x10001cd8   0x000000a0   Zero   RW          703    .bss                gpdma_lpc17xx.o
    0x10001d78   0x00000034   Zero   RW         1547    .bss                RTX_CM3.lib(rt_task.o)
    0x10001dac   0x00000030   Zero   RW         1797    .bss                RTX_CM3.lib(rt_list.o)
    0x10001ddc   0x00000060   Zero   RW         2125    .bss                c_w.l(libspace.o)
    0x10001e3c   0x00000004   PAD
    0x10001e40   0x00000000   Zero   RW          869    HEAP                startup_lpc17xx.o
    0x10001e40   0x00000200   Zero   RW          868    STACK               startup_lpc17xx.o


==============================================================================

Image component sizes


      Code (inc. data)   RO Data    RW Data    ZI Data      Debug   Object Name

        40         12          0          3          0       2259   adc_mcb1700.o
       160         24          0          0          0       1142   can_cna.o
         0          0       6304          0          0        736   glcd_fonts.o
      2792         98          0         17          0      17398   glcd_mcb1700.o
      1204         94          0          8        160       8062   gpdma_lpc17xx.o
       172         18          0          0          0       2294   gpio_lpc17xx.o
       584         76         32         12          0      55806   main.o
       252          6          0          0          0        804   pin_lpc17xx.o
       170         38        104         20       7216       9587   rtx_conf_cm.o
      3896        106        124         16         40      53247   ssp_lpc17xx.o
        64         26        204          0        512        972   startup_lpc17xx.o
       320         18          0          4          0        779   system_lpc17xx.o

    ----------------------------------------------------------------------
      9664        516       6800         84       7928     153086   Object Totals
         0          0         32          0          0          0   (incl. Generated)
        10          0          0          4          0          0   (incl. Padding)

    ----------------------------------------------------------------------

      Code (inc. data)   RO Data    RW Data    ZI Data      Debug   Library Member Name

       238         24          0          1          0       3312   hal_cm.o
       304         36          0          0          0        768   hal_cm3.o
      1356        160          0          8          0      36170   rt_cmsis.o
       272         18          0          0          0       2650   rt_event.o
       530         34          0          0         48       8253   rt_list.o
       554         10          0          0          0       3949   rt_mailbox.o
       140          0          0          0          0       1925   rt_membox.o
       128          0          0          0          0       2307   rt_memory.o
       336         14          0          0          0       1643   rt_mutex.o
        96         22          0          8          0       1158   rt_robin.o
        52          4          0          0          0        573   rt_semaphore.o
       298         52          0          8          0       6223   rt_system.o
      1216        174          0          8         52       9649   rt_task.o
         6          0          0          4          0        652   rt_time.o
         4          4          0          0          0        208   svc_table.o
         8          0          0          0          0         68   __main.o
       312          4         17          0          0         92   __printf_flags_wp.o
        14          0          0          0          0         68   __printf_wp.o
         0          0          0          0          0          0   __rtentry.o
        20          0          0          0          0          0   __rtentry2.o
         6          0          0          0          0          0   __rtentry4.o
        52          8          0          0          0          0   __scatter.o
        26          0          0          0          0          0   __scatter_copy.o
        28          0          0          0          0          0   __scatter_zi.o
        48          6          0          0          0         96   _printf_char_common.o
         6          0          0          0          0          0   _printf_d.o
       120         16          0          0          0         92   _printf_dec.o
       178          0          0          0          0         88   _printf_intcommon.o
        78          0          0          0          0        108   _printf_pad.o
         0          0          0          0          0          0   _printf_percent.o
         4          0          0          0          0          0   _printf_percent_end.o
        22          0          0          0          0        100   _rserrno.o
        10          0          0          0          0         68   _sputc.o
        18          0          0          0          0         80   exit.o
         6          0          0          0          0        152   heapauxi.o
         0          0          0          0          0          0   indicate_semi.o
         2          0          0          0          0          0   libinit.o
         2          0          0          0          0          0   libinit2.o
         2          0          0          0          0          0   libshutdown.o
         2          0          0          0          0          0   libshutdown2.o
         8          4          0          0         96         68   libspace.o
        40          6          0          0          0         84   noretval__2sprintf.o
         4          0          0          0          0         68   rt_errno_addr_twolibspace.o
        78          0          0          0          0         80   rt_memclr_w.o
         2          0          0          0          0          0   rtexit.o
        10          0          0          0          0          0   rtexit2.o
        12          4          0          0          0         68   sys_exit.o
        74          0          0          0          0         80   sys_stackheap_outer.o
         2          0          0          0          0         68   use_no_semi.o
       826         16          0          0          0        348   daddsub_clz.o
        16          4          0          0          0         68   dcheck1.o
       688        140          0          0          0        208   ddiv.o
        94          4          0          0          0         92   dfix.o
        84          0          0          0          0        136   dflt_clz.o
       340         12          0          0          0        104   dmul.o
       156          4          0          0          0         92   dnaninf.o
        12          0          0          0          0         68   dretinf.o
       100          0          0          0          0         68   retnan.o
        92          0          0          0          0         68   scalbn.o
        48          0          0          0          0         68   trapv.o
         0          0          0          0          0          0   usenofp.o
       252         22         48          0          0        124   cos_i.o
        34          6          0          0          0        204   dunder.o
        40          0          0          0          0         68   fpclassify.o
       170          0          0          0          0         96   poly.o
       904         76        200          0          0        140   rred.o
       160         10          0          0          0        108   sin.o
       236         12         40          0          0        128   sin_i.o

    ----------------------------------------------------------------------
     11012        906        308         40        204      83156   Library Totals
        36          0          3          3          8          0   (incl. Padding)

    ----------------------------------------------------------------------

      Code (inc. data)   RO Data    RW Data    ZI Data      Debug   Library Name

      5530        552          0         37        100      79440   RTX_CM3.lib
      1194         48         17          0         96       1528   c_w.l
      2456        180          0          0          0       1320   fz_ws.l
      1796        126        288          0          0        868   m_ws.l

    ----------------------------------------------------------------------
     11012        906        308         40        204      83156   Library Totals

    ----------------------------------------------------------------------

==============================================================================


      Code (inc. data)   RO Data    RW Data    ZI Data      Debug   

     20676       1422       7108        124       8132     226566   Grand Totals
     20676       1422       7108        124       8132     226566   ELF Image Totals
     20676       1422       7108        124          0          0   ROM Totals

==============================================================================

    Total RO  Size (Code + RO Data)                27784 (  27.13kB)
    Total RW  Size (RW Data + ZI Data)              8256 (   8.06kB)
    Total ROM Size (Code + RO Data + RW Data)      27908 (  27.25kB)

==============================================================================

